../drivers/bsp/WS2812/stm32g4_ws2812.c:43:6:BSP_WS2812_init	16	static
../drivers/bsp/WS2812/stm32g4_ws2812.c:121:6:BSP_WS2812_reset	8	static
../drivers/bsp/WS2812/stm32g4_ws2812.c:91:6:BSP_WS2812_display	16	static,ignoring_inline_asm
../drivers/bsp/WS2812/stm32g4_ws2812.c:56:6:BSP_WS2812_demo	264	static
../drivers/bsp/WS2812/stm32g4_ws2812.c:101:6:BSP_WS2812_display_only_one_pixel	24	static,ignoring_inline_asm
../drivers/bsp/WS2812/stm32g4_ws2812.c:111:6:BSP_WS2812_display_full	16	static,ignoring_inline_asm
