../drivers/bsp/MatrixKeyboard/stm32g4_matrix_keyboard.c:169:6:BSP_MATRIX_KEYBOARD_demo_process_1ms	0	static
../drivers/bsp/MatrixKeyboard/stm32g4_matrix_keyboard.c:248:13:MATRIX_KEYBOARD_touch_to_key	0	static
../drivers/bsp/MatrixKeyboard/stm32g4_matrix_keyboard.c:364:13:keyboard_pin_set_input	40	static
../drivers/bsp/MatrixKeyboard/stm32g4_matrix_keyboard.c:343:13:keyboard_pin_set_output	40	static
../drivers/bsp/MatrixKeyboard/stm32g4_matrix_keyboard.c:386:13:keyboard_pin_write	16	static
../drivers/bsp/MatrixKeyboard/stm32g4_matrix_keyboard.c:320:13:MATRIX_KEYBOARD_write_bit_output	8	static
../drivers/bsp/MatrixKeyboard/stm32g4_matrix_keyboard.c:407:13:keyboard_pin_read	16	static
../drivers/bsp/MatrixKeyboard/stm32g4_matrix_keyboard.c:309:17:MATRIX_KEYBOARD_get_inputs	8	static
../drivers/bsp/MatrixKeyboard/stm32g4_matrix_keyboard.c:268:17:MATRIX_KEYBOARD_read_all_touchs	16	static
../drivers/bsp/MatrixKeyboard/stm32g4_matrix_keyboard.c:79:6:BSP_MATRIX_KEYBOARD_init	16	static
../drivers/bsp/MatrixKeyboard/stm32g4_matrix_keyboard.c:180:6:BSP_MATRIX_KEYBOARD_is_pressed	8	static
../drivers/bsp/MatrixKeyboard/stm32g4_matrix_keyboard.c:210:6:BSP_MATRIX_KEYBOARD_press_and_release_events	24	static
../drivers/bsp/MatrixKeyboard/stm32g4_matrix_keyboard.c:104:6:BSP_MATRIX_KEYBOARD_process_main	24	static
../drivers/bsp/MatrixKeyboard/stm32g4_matrix_keyboard.c:234:6:MATRIX_KEYBOARD_get_key	8	static
