10:38:33 **** Incremental Build of configuration Debug for project ProjetDuGitlab ****
make -j8 all 
arm-none-eabi-size  ProjetDuGitlab.elf 
   text	   data	    bss	    dec	    hex	filename
  35324	    608	   3344	  39276	   996c	ProjetDuGitlab.elf
Finished building: default.size.stdout
 
10:38:46 **** Incremental Build of configuration Debug for project ProjetDuGitlab ****
make -j8 all 
arm-none-eabi-size  ProjetDuGitlab.elf 
   text	   data	    bss	    dec	    hex	filename
  35324	    608	   3344	  39276	   996c	ProjetDuGitlab.elf
Finished building: default.size.stdout
 
