15:45:46 **** Incremental Build of configuration Debug for project ProjetDuGitlab ****
make -j8 all 
arm-none-eabi-gcc "../drivers/stm32g4xx_hal/Src/stm32g4xx_hal.c" -mcpu=cortex-m4 -std=gnu11 -g3 -DDEBUG -DUSE_HAL_DRIVER -DSTM32G431xx -c -I../core/Inc -I../drivers/stm32g4xx_hal/Inc -I../drivers/stm32g4xx_hal/Inc/Legacy -I../drivers/cmsis/Device/ST/STM32G4xx/Include -I../drivers/cmsis/Include -I../app -I../drivers/bsp -Og -ffunction-sections -fdata-sections -Wall -fstack-usage -fcyclomatic-complexity -MMD -MP -MF"drivers/stm32g4xx_hal/Src/stm32g4xx_hal.d" -MT"drivers/stm32g4xx_hal/Src/stm32g4xx_hal.o" --specs=nano.specs -mfpu=fpv4-sp-d16 -mfloat-abi=hard -mthumb -o "drivers/stm32g4xx_hal/Src/stm32g4xx_hal.o"
arm-none-eabi-gcc "../drivers/stm32g4xx_hal/Src/stm32g4xx_hal_adc.c" -mcpu=cortex-m4 -std=gnu11 -g3 -DDEBUG -DUSE_HAL_DRIVER -DSTM32G431xx -c -I../core/Inc -I../drivers/stm32g4xx_hal/Inc -I../drivers/stm32g4xx_hal/Inc/Legacy -I../drivers/cmsis/Device/ST/STM32G4xx/Include -I../drivers/cmsis/Include -I../app -I../drivers/bsp -Og -ffunction-sections -fdata-sections -Wall -fstack-usage -fcyclomatic-complexity -MMD -MP -MF"drivers/stm32g4xx_hal/Src/stm32g4xx_hal_adc.d" -MT"drivers/stm32g4xx_hal/Src/stm32g4xx_hal_adc.o" --specs=nano.specs -mfpu=fpv4-sp-d16 -mfloat-abi=hard -mthumb -o "drivers/stm32g4xx_hal/Src/stm32g4xx_hal_adc.o"
arm-none-eabi-gcc "../drivers/stm32g4xx_hal/Src/stm32g4xx_hal_adc_ex.c" -mcpu=cortex-m4 -std=gnu11 -g3 -DDEBUG -DUSE_HAL_DRIVER -DSTM32G431xx -c -I../core/Inc -I../drivers/stm32g4xx_hal/Inc -I../drivers/stm32g4xx_hal/Inc/Legacy -I../drivers/cmsis/Device/ST/STM32G4xx/Include -I../drivers/cmsis/Include -I../app -I../drivers/bsp -Og -ffunction-sections -fdata-sections -Wall -fstack-usage -fcyclomatic-complexity -MMD -MP -MF"drivers/stm32g4xx_hal/Src/stm32g4xx_hal_adc_ex.d" -MT"drivers/stm32g4xx_hal/Src/stm32g4xx_hal_adc_ex.o" --specs=nano.specs -mfpu=fpv4-sp-d16 -mfloat-abi=hard -mthumb -o "drivers/stm32g4xx_hal/Src/stm32g4xx_hal_adc_ex.o"
arm-none-eabi-gcc "../drivers/stm32g4xx_hal/Src/stm32g4xx_hal_cortex.c" -mcpu=cortex-m4 -std=gnu11 -g3 -DDEBUG -DUSE_HAL_DRIVER -DSTM32G431xx -c -I../core/Inc -I../drivers/stm32g4xx_hal/Inc -I../drivers/stm32g4xx_hal/Inc/Legacy -I../drivers/cmsis/Device/ST/STM32G4xx/Include -I../drivers/cmsis/Include -I../app -I../drivers/bsp -Og -ffunction-sections -fdata-sections -Wall -fstack-usage -fcyclomatic-complexity -MMD -MP -MF"drivers/stm32g4xx_hal/Src/stm32g4xx_hal_cortex.d" -MT"drivers/stm32g4xx_hal/Src/stm32g4xx_hal_cortex.o" --specs=nano.specs -mfpu=fpv4-sp-d16 -mfloat-abi=hard -mthumb -o "drivers/stm32g4xx_hal/Src/stm32g4xx_hal_cortex.o"
arm-none-eabi-gcc "../drivers/stm32g4xx_hal/Src/stm32g4xx_hal_dac.c" -mcpu=cortex-m4 -std=gnu11 -g3 -DDEBUG -DUSE_HAL_DRIVER -DSTM32G431xx -c -I../core/Inc -I../drivers/stm32g4xx_hal/Inc -I../drivers/stm32g4xx_hal/Inc/Legacy -I../drivers/cmsis/Device/ST/STM32G4xx/Include -I../drivers/cmsis/Include -I../app -I../drivers/bsp -Og -ffunction-sections -fdata-sections -Wall -fstack-usage -fcyclomatic-complexity -MMD -MP -MF"drivers/stm32g4xx_hal/Src/stm32g4xx_hal_dac.d" -MT"drivers/stm32g4xx_hal/Src/stm32g4xx_hal_dac.o" --specs=nano.specs -mfpu=fpv4-sp-d16 -mfloat-abi=hard -mthumb -o "drivers/stm32g4xx_hal/Src/stm32g4xx_hal_dac.o"
arm-none-eabi-gcc "../drivers/stm32g4xx_hal/Src/stm32g4xx_hal_dac_ex.c" -mcpu=cortex-m4 -std=gnu11 -g3 -DDEBUG -DUSE_HAL_DRIVER -DSTM32G431xx -c -I../core/Inc -I../drivers/stm32g4xx_hal/Inc -I../drivers/stm32g4xx_hal/Inc/Legacy -I../drivers/cmsis/Device/ST/STM32G4xx/Include -I../drivers/cmsis/Include -I../app -I../drivers/bsp -Og -ffunction-sections -fdata-sections -Wall -fstack-usage -fcyclomatic-complexity -MMD -MP -MF"drivers/stm32g4xx_hal/Src/stm32g4xx_hal_dac_ex.d" -MT"drivers/stm32g4xx_hal/Src/stm32g4xx_hal_dac_ex.o" --specs=nano.specs -mfpu=fpv4-sp-d16 -mfloat-abi=hard -mthumb -o "drivers/stm32g4xx_hal/Src/stm32g4xx_hal_dac_ex.o"
arm-none-eabi-gcc "../drivers/stm32g4xx_hal/Src/stm32g4xx_hal_dma.c" -mcpu=cortex-m4 -std=gnu11 -g3 -DDEBUG -DUSE_HAL_DRIVER -DSTM32G431xx -c -I../core/Inc -I../drivers/stm32g4xx_hal/Inc -I../drivers/stm32g4xx_hal/Inc/Legacy -I../drivers/cmsis/Device/ST/STM32G4xx/Include -I../drivers/cmsis/Include -I../app -I../drivers/bsp -Og -ffunction-sections -fdata-sections -Wall -fstack-usage -fcyclomatic-complexity -MMD -MP -MF"drivers/stm32g4xx_hal/Src/stm32g4xx_hal_dma.d" -MT"drivers/stm32g4xx_hal/Src/stm32g4xx_hal_dma.o" --specs=nano.specs -mfpu=fpv4-sp-d16 -mfloat-abi=hard -mthumb -o "drivers/stm32g4xx_hal/Src/stm32g4xx_hal_dma.o"
arm-none-eabi-gcc "../drivers/stm32g4xx_hal/Src/stm32g4xx_hal_dma_ex.c" -mcpu=cortex-m4 -std=gnu11 -g3 -DDEBUG -DUSE_HAL_DRIVER -DSTM32G431xx -c -I../core/Inc -I../drivers/stm32g4xx_hal/Inc -I../drivers/stm32g4xx_hal/Inc/Legacy -I../drivers/cmsis/Device/ST/STM32G4xx/Include -I../drivers/cmsis/Include -I../app -I../drivers/bsp -Og -ffunction-sections -fdata-sections -Wall -fstack-usage -fcyclomatic-complexity -MMD -MP -MF"drivers/stm32g4xx_hal/Src/stm32g4xx_hal_dma_ex.d" -MT"drivers/stm32g4xx_hal/Src/stm32g4xx_hal_dma_ex.o" --specs=nano.specs -mfpu=fpv4-sp-d16 -mfloat-abi=hard -mthumb -o "drivers/stm32g4xx_hal/Src/stm32g4xx_hal_dma_ex.o"
arm-none-eabi-gcc "../drivers/stm32g4xx_hal/Src/stm32g4xx_hal_exti.c" -mcpu=cortex-m4 -std=gnu11 -g3 -DDEBUG -DUSE_HAL_DRIVER -DSTM32G431xx -c -I../core/Inc -I../drivers/stm32g4xx_hal/Inc -I../drivers/stm32g4xx_hal/Inc/Legacy -I../drivers/cmsis/Device/ST/STM32G4xx/Include -I../drivers/cmsis/Include -I../app -I../drivers/bsp -Og -ffunction-sections -fdata-sections -Wall -fstack-usage -fcyclomatic-complexity -MMD -MP -MF"drivers/stm32g4xx_hal/Src/stm32g4xx_hal_exti.d" -MT"drivers/stm32g4xx_hal/Src/stm32g4xx_hal_exti.o" --specs=nano.specs -mfpu=fpv4-sp-d16 -mfloat-abi=hard -mthumb -o "drivers/stm32g4xx_hal/Src/stm32g4xx_hal_exti.o"
arm-none-eabi-gcc "../drivers/stm32g4xx_hal/Src/stm32g4xx_hal_flash.c" -mcpu=cortex-m4 -std=gnu11 -g3 -DDEBUG -DUSE_HAL_DRIVER -DSTM32G431xx -c -I../core/Inc -I../drivers/stm32g4xx_hal/Inc -I../drivers/stm32g4xx_hal/Inc/Legacy -I../drivers/cmsis/Device/ST/STM32G4xx/Include -I../drivers/cmsis/Include -I../app -I../drivers/bsp -Og -ffunction-sections -fdata-sections -Wall -fstack-usage -fcyclomatic-complexity -MMD -MP -MF"drivers/stm32g4xx_hal/Src/stm32g4xx_hal_flash.d" -MT"drivers/stm32g4xx_hal/Src/stm32g4xx_hal_flash.o" --specs=nano.specs -mfpu=fpv4-sp-d16 -mfloat-abi=hard -mthumb -o "drivers/stm32g4xx_hal/Src/stm32g4xx_hal_flash.o"
arm-none-eabi-gcc "../drivers/stm32g4xx_hal/Src/stm32g4xx_hal_flash_ex.c" -mcpu=cortex-m4 -std=gnu11 -g3 -DDEBUG -DUSE_HAL_DRIVER -DSTM32G431xx -c -I../core/Inc -I../drivers/stm32g4xx_hal/Inc -I../drivers/stm32g4xx_hal/Inc/Legacy -I../drivers/cmsis/Device/ST/STM32G4xx/Include -I../drivers/cmsis/Include -I../app -I../drivers/bsp -Og -ffunction-sections -fdata-sections -Wall -fstack-usage -fcyclomatic-complexity -MMD -MP -MF"drivers/stm32g4xx_hal/Src/stm32g4xx_hal_flash_ex.d" -MT"drivers/stm32g4xx_hal/Src/stm32g4xx_hal_flash_ex.o" --specs=nano.specs -mfpu=fpv4-sp-d16 -mfloat-abi=hard -mthumb -o "drivers/stm32g4xx_hal/Src/stm32g4xx_hal_flash_ex.o"
arm-none-eabi-gcc "../drivers/stm32g4xx_hal/Src/stm32g4xx_hal_flash_ramfunc.c" -mcpu=cortex-m4 -std=gnu11 -g3 -DDEBUG -DUSE_HAL_DRIVER -DSTM32G431xx -c -I../core/Inc -I../drivers/stm32g4xx_hal/Inc -I../drivers/stm32g4xx_hal/Inc/Legacy -I../drivers/cmsis/Device/ST/STM32G4xx/Include -I../drivers/cmsis/Include -I../app -I../drivers/bsp -Og -ffunction-sections -fdata-sections -Wall -fstack-usage -fcyclomatic-complexity -MMD -MP -MF"drivers/stm32g4xx_hal/Src/stm32g4xx_hal_flash_ramfunc.d" -MT"drivers/stm32g4xx_hal/Src/stm32g4xx_hal_flash_ramfunc.o" --specs=nano.specs -mfpu=fpv4-sp-d16 -mfloat-abi=hard -mthumb -o "drivers/stm32g4xx_hal/Src/stm32g4xx_hal_flash_ramfunc.o"
arm-none-eabi-gcc "../drivers/stm32g4xx_hal/Src/stm32g4xx_hal_gpio.c" -mcpu=cortex-m4 -std=gnu11 -g3 -DDEBUG -DUSE_HAL_DRIVER -DSTM32G431xx -c -I../core/Inc -I../drivers/stm32g4xx_hal/Inc -I../drivers/stm32g4xx_hal/Inc/Legacy -I../drivers/cmsis/Device/ST/STM32G4xx/Include -I../drivers/cmsis/Include -I../app -I../drivers/bsp -Og -ffunction-sections -fdata-sections -Wall -fstack-usage -fcyclomatic-complexity -MMD -MP -MF"drivers/stm32g4xx_hal/Src/stm32g4xx_hal_gpio.d" -MT"drivers/stm32g4xx_hal/Src/stm32g4xx_hal_gpio.o" --specs=nano.specs -mfpu=fpv4-sp-d16 -mfloat-abi=hard -mthumb -o "drivers/stm32g4xx_hal/Src/stm32g4xx_hal_gpio.o"
arm-none-eabi-gcc "../drivers/stm32g4xx_hal/Src/stm32g4xx_hal_i2c.c" -mcpu=cortex-m4 -std=gnu11 -g3 -DDEBUG -DUSE_HAL_DRIVER -DSTM32G431xx -c -I../core/Inc -I../drivers/stm32g4xx_hal/Inc -I../drivers/stm32g4xx_hal/Inc/Legacy -I../drivers/cmsis/Device/ST/STM32G4xx/Include -I../drivers/cmsis/Include -I../app -I../drivers/bsp -Og -ffunction-sections -fdata-sections -Wall -fstack-usage -fcyclomatic-complexity -MMD -MP -MF"drivers/stm32g4xx_hal/Src/stm32g4xx_hal_i2c.d" -MT"drivers/stm32g4xx_hal/Src/stm32g4xx_hal_i2c.o" --specs=nano.specs -mfpu=fpv4-sp-d16 -mfloat-abi=hard -mthumb -o "drivers/stm32g4xx_hal/Src/stm32g4xx_hal_i2c.o"
arm-none-eabi-gcc "../drivers/stm32g4xx_hal/Src/stm32g4xx_hal_i2c_ex.c" -mcpu=cortex-m4 -std=gnu11 -g3 -DDEBUG -DUSE_HAL_DRIVER -DSTM32G431xx -c -I../core/Inc -I../drivers/stm32g4xx_hal/Inc -I../drivers/stm32g4xx_hal/Inc/Legacy -I../drivers/cmsis/Device/ST/STM32G4xx/Include -I../drivers/cmsis/Include -I../app -I../drivers/bsp -Og -ffunction-sections -fdata-sections -Wall -fstack-usage -fcyclomatic-complexity -MMD -MP -MF"drivers/stm32g4xx_hal/Src/stm32g4xx_hal_i2c_ex.d" -MT"drivers/stm32g4xx_hal/Src/stm32g4xx_hal_i2c_ex.o" --specs=nano.specs -mfpu=fpv4-sp-d16 -mfloat-abi=hard -mthumb -o "drivers/stm32g4xx_hal/Src/stm32g4xx_hal_i2c_ex.o"
arm-none-eabi-gcc "../drivers/stm32g4xx_hal/Src/stm32g4xx_hal_pwr.c" -mcpu=cortex-m4 -std=gnu11 -g3 -DDEBUG -DUSE_HAL_DRIVER -DSTM32G431xx -c -I../core/Inc -I../drivers/stm32g4xx_hal/Inc -I../drivers/stm32g4xx_hal/Inc/Legacy -I../drivers/cmsis/Device/ST/STM32G4xx/Include -I../drivers/cmsis/Include -I../app -I../drivers/bsp -Og -ffunction-sections -fdata-sections -Wall -fstack-usage -fcyclomatic-complexity -MMD -MP -MF"drivers/stm32g4xx_hal/Src/stm32g4xx_hal_pwr.d" -MT"drivers/stm32g4xx_hal/Src/stm32g4xx_hal_pwr.o" --specs=nano.specs -mfpu=fpv4-sp-d16 -mfloat-abi=hard -mthumb -o "drivers/stm32g4xx_hal/Src/stm32g4xx_hal_pwr.o"
arm-none-eabi-gcc "../drivers/stm32g4xx_hal/Src/stm32g4xx_hal_pwr_ex.c" -mcpu=cortex-m4 -std=gnu11 -g3 -DDEBUG -DUSE_HAL_DRIVER -DSTM32G431xx -c -I../core/Inc -I../drivers/stm32g4xx_hal/Inc -I../drivers/stm32g4xx_hal/Inc/Legacy -I../drivers/cmsis/Device/ST/STM32G4xx/Include -I../drivers/cmsis/Include -I../app -I../drivers/bsp -Og -ffunction-sections -fdata-sections -Wall -fstack-usage -fcyclomatic-complexity -MMD -MP -MF"drivers/stm32g4xx_hal/Src/stm32g4xx_hal_pwr_ex.d" -MT"drivers/stm32g4xx_hal/Src/stm32g4xx_hal_pwr_ex.o" --specs=nano.specs -mfpu=fpv4-sp-d16 -mfloat-abi=hard -mthumb -o "drivers/stm32g4xx_hal/Src/stm32g4xx_hal_pwr_ex.o"
arm-none-eabi-gcc "../drivers/stm32g4xx_hal/Src/stm32g4xx_hal_rcc.c" -mcpu=cortex-m4 -std=gnu11 -g3 -DDEBUG -DUSE_HAL_DRIVER -DSTM32G431xx -c -I../core/Inc -I../drivers/stm32g4xx_hal/Inc -I../drivers/stm32g4xx_hal/Inc/Legacy -I../drivers/cmsis/Device/ST/STM32G4xx/Include -I../drivers/cmsis/Include -I../app -I../drivers/bsp -Og -ffunction-sections -fdata-sections -Wall -fstack-usage -fcyclomatic-complexity -MMD -MP -MF"drivers/stm32g4xx_hal/Src/stm32g4xx_hal_rcc.d" -MT"drivers/stm32g4xx_hal/Src/stm32g4xx_hal_rcc.o" --specs=nano.specs -mfpu=fpv4-sp-d16 -mfloat-abi=hard -mthumb -o "drivers/stm32g4xx_hal/Src/stm32g4xx_hal_rcc.o"
arm-none-eabi-gcc "../drivers/stm32g4xx_hal/Src/stm32g4xx_hal_rcc_ex.c" -mcpu=cortex-m4 -std=gnu11 -g3 -DDEBUG -DUSE_HAL_DRIVER -DSTM32G431xx -c -I../core/Inc -I../drivers/stm32g4xx_hal/Inc -I../drivers/stm32g4xx_hal/Inc/Legacy -I../drivers/cmsis/Device/ST/STM32G4xx/Include -I../drivers/cmsis/Include -I../app -I../drivers/bsp -Og -ffunction-sections -fdata-sections -Wall -fstack-usage -fcyclomatic-complexity -MMD -MP -MF"drivers/stm32g4xx_hal/Src/stm32g4xx_hal_rcc_ex.d" -MT"drivers/stm32g4xx_hal/Src/stm32g4xx_hal_rcc_ex.o" --specs=nano.specs -mfpu=fpv4-sp-d16 -mfloat-abi=hard -mthumb -o "drivers/stm32g4xx_hal/Src/stm32g4xx_hal_rcc_ex.o"
arm-none-eabi-gcc "../drivers/stm32g4xx_hal/Src/stm32g4xx_hal_rng.c" -mcpu=cortex-m4 -std=gnu11 -g3 -DDEBUG -DUSE_HAL_DRIVER -DSTM32G431xx -c -I../core/Inc -I../drivers/stm32g4xx_hal/Inc -I../drivers/stm32g4xx_hal/Inc/Legacy -I../drivers/cmsis/Device/ST/STM32G4xx/Include -I../drivers/cmsis/Include -I../app -I../drivers/bsp -Og -ffunction-sections -fdata-sections -Wall -fstack-usage -fcyclomatic-complexity -MMD -MP -MF"drivers/stm32g4xx_hal/Src/stm32g4xx_hal_rng.d" -MT"drivers/stm32g4xx_hal/Src/stm32g4xx_hal_rng.o" --specs=nano.specs -mfpu=fpv4-sp-d16 -mfloat-abi=hard -mthumb -o "drivers/stm32g4xx_hal/Src/stm32g4xx_hal_rng.o"
arm-none-eabi-gcc "../drivers/stm32g4xx_hal/Src/stm32g4xx_hal_rtc.c" -mcpu=cortex-m4 -std=gnu11 -g3 -DDEBUG -DUSE_HAL_DRIVER -DSTM32G431xx -c -I../core/Inc -I../drivers/stm32g4xx_hal/Inc -I../drivers/stm32g4xx_hal/Inc/Legacy -I../drivers/cmsis/Device/ST/STM32G4xx/Include -I../drivers/cmsis/Include -I../app -I../drivers/bsp -Og -ffunction-sections -fdata-sections -Wall -fstack-usage -fcyclomatic-complexity -MMD -MP -MF"drivers/stm32g4xx_hal/Src/stm32g4xx_hal_rtc.d" -MT"drivers/stm32g4xx_hal/Src/stm32g4xx_hal_rtc.o" --specs=nano.specs -mfpu=fpv4-sp-d16 -mfloat-abi=hard -mthumb -o "drivers/stm32g4xx_hal/Src/stm32g4xx_hal_rtc.o"
arm-none-eabi-gcc "../drivers/stm32g4xx_hal/Src/stm32g4xx_hal_rtc_ex.c" -mcpu=cortex-m4 -std=gnu11 -g3 -DDEBUG -DUSE_HAL_DRIVER -DSTM32G431xx -c -I../core/Inc -I../drivers/stm32g4xx_hal/Inc -I../drivers/stm32g4xx_hal/Inc/Legacy -I../drivers/cmsis/Device/ST/STM32G4xx/Include -I../drivers/cmsis/Include -I../app -I../drivers/bsp -Og -ffunction-sections -fdata-sections -Wall -fstack-usage -fcyclomatic-complexity -MMD -MP -MF"drivers/stm32g4xx_hal/Src/stm32g4xx_hal_rtc_ex.d" -MT"drivers/stm32g4xx_hal/Src/stm32g4xx_hal_rtc_ex.o" --specs=nano.specs -mfpu=fpv4-sp-d16 -mfloat-abi=hard -mthumb -o "drivers/stm32g4xx_hal/Src/stm32g4xx_hal_rtc_ex.o"
arm-none-eabi-gcc "../drivers/stm32g4xx_hal/Src/stm32g4xx_hal_spi.c" -mcpu=cortex-m4 -std=gnu11 -g3 -DDEBUG -DUSE_HAL_DRIVER -DSTM32G431xx -c -I../core/Inc -I../drivers/stm32g4xx_hal/Inc -I../drivers/stm32g4xx_hal/Inc/Legacy -I../drivers/cmsis/Device/ST/STM32G4xx/Include -I../drivers/cmsis/Include -I../app -I../drivers/bsp -Og -ffunction-sections -fdata-sections -Wall -fstack-usage -fcyclomatic-complexity -MMD -MP -MF"drivers/stm32g4xx_hal/Src/stm32g4xx_hal_spi.d" -MT"drivers/stm32g4xx_hal/Src/stm32g4xx_hal_spi.o" --specs=nano.specs -mfpu=fpv4-sp-d16 -mfloat-abi=hard -mthumb -o "drivers/stm32g4xx_hal/Src/stm32g4xx_hal_spi.o"
arm-none-eabi-gcc "../drivers/stm32g4xx_hal/Src/stm32g4xx_hal_spi_ex.c" -mcpu=cortex-m4 -std=gnu11 -g3 -DDEBUG -DUSE_HAL_DRIVER -DSTM32G431xx -c -I../core/Inc -I../drivers/stm32g4xx_hal/Inc -I../drivers/stm32g4xx_hal/Inc/Legacy -I../drivers/cmsis/Device/ST/STM32G4xx/Include -I../drivers/cmsis/Include -I../app -I../drivers/bsp -Og -ffunction-sections -fdata-sections -Wall -fstack-usage -fcyclomatic-complexity -MMD -MP -MF"drivers/stm32g4xx_hal/Src/stm32g4xx_hal_spi_ex.d" -MT"drivers/stm32g4xx_hal/Src/stm32g4xx_hal_spi_ex.o" --specs=nano.specs -mfpu=fpv4-sp-d16 -mfloat-abi=hard -mthumb -o "drivers/stm32g4xx_hal/Src/stm32g4xx_hal_spi_ex.o"
arm-none-eabi-gcc "../drivers/stm32g4xx_hal/Src/stm32g4xx_hal_tim.c" -mcpu=cortex-m4 -std=gnu11 -g3 -DDEBUG -DUSE_HAL_DRIVER -DSTM32G431xx -c -I../core/Inc -I../drivers/stm32g4xx_hal/Inc -I../drivers/stm32g4xx_hal/Inc/Legacy -I../drivers/cmsis/Device/ST/STM32G4xx/Include -I../drivers/cmsis/Include -I../app -I../drivers/bsp -Og -ffunction-sections -fdata-sections -Wall -fstack-usage -fcyclomatic-complexity -MMD -MP -MF"drivers/stm32g4xx_hal/Src/stm32g4xx_hal_tim.d" -MT"drivers/stm32g4xx_hal/Src/stm32g4xx_hal_tim.o" --specs=nano.specs -mfpu=fpv4-sp-d16 -mfloat-abi=hard -mthumb -o "drivers/stm32g4xx_hal/Src/stm32g4xx_hal_tim.o"
arm-none-eabi-gcc "../drivers/stm32g4xx_hal/Src/stm32g4xx_hal_tim_ex.c" -mcpu=cortex-m4 -std=gnu11 -g3 -DDEBUG -DUSE_HAL_DRIVER -DSTM32G431xx -c -I../core/Inc -I../drivers/stm32g4xx_hal/Inc -I../drivers/stm32g4xx_hal/Inc/Legacy -I../drivers/cmsis/Device/ST/STM32G4xx/Include -I../drivers/cmsis/Include -I../app -I../drivers/bsp -Og -ffunction-sections -fdata-sections -Wall -fstack-usage -fcyclomatic-complexity -MMD -MP -MF"drivers/stm32g4xx_hal/Src/stm32g4xx_hal_tim_ex.d" -MT"drivers/stm32g4xx_hal/Src/stm32g4xx_hal_tim_ex.o" --specs=nano.specs -mfpu=fpv4-sp-d16 -mfloat-abi=hard -mthumb -o "drivers/stm32g4xx_hal/Src/stm32g4xx_hal_tim_ex.o"
arm-none-eabi-gcc "../drivers/stm32g4xx_hal/Src/stm32g4xx_hal_uart.c" -mcpu=cortex-m4 -std=gnu11 -g3 -DDEBUG -DUSE_HAL_DRIVER -DSTM32G431xx -c -I../core/Inc -I../drivers/stm32g4xx_hal/Inc -I../drivers/stm32g4xx_hal/Inc/Legacy -I../drivers/cmsis/Device/ST/STM32G4xx/Include -I../drivers/cmsis/Include -I../app -I../drivers/bsp -Og -ffunction-sections -fdata-sections -Wall -fstack-usage -fcyclomatic-complexity -MMD -MP -MF"drivers/stm32g4xx_hal/Src/stm32g4xx_hal_uart.d" -MT"drivers/stm32g4xx_hal/Src/stm32g4xx_hal_uart.o" --specs=nano.specs -mfpu=fpv4-sp-d16 -mfloat-abi=hard -mthumb -o "drivers/stm32g4xx_hal/Src/stm32g4xx_hal_uart.o"
arm-none-eabi-gcc "../drivers/stm32g4xx_hal/Src/stm32g4xx_hal_uart_ex.c" -mcpu=cortex-m4 -std=gnu11 -g3 -DDEBUG -DUSE_HAL_DRIVER -DSTM32G431xx -c -I../core/Inc -I../drivers/stm32g4xx_hal/Inc -I../drivers/stm32g4xx_hal/Inc/Legacy -I../drivers/cmsis/Device/ST/STM32G4xx/Include -I../drivers/cmsis/Include -I../app -I../drivers/bsp -Og -ffunction-sections -fdata-sections -Wall -fstack-usage -fcyclomatic-complexity -MMD -MP -MF"drivers/stm32g4xx_hal/Src/stm32g4xx_hal_uart_ex.d" -MT"drivers/stm32g4xx_hal/Src/stm32g4xx_hal_uart_ex.o" --specs=nano.specs -mfpu=fpv4-sp-d16 -mfloat-abi=hard -mthumb -o "drivers/stm32g4xx_hal/Src/stm32g4xx_hal_uart_ex.o"
arm-none-eabi-gcc "../drivers/stm32g4xx_hal/Src/stm32g4xx_ll_adc.c" -mcpu=cortex-m4 -std=gnu11 -g3 -DDEBUG -DUSE_HAL_DRIVER -DSTM32G431xx -c -I../core/Inc -I../drivers/stm32g4xx_hal/Inc -I../drivers/stm32g4xx_hal/Inc/Legacy -I../drivers/cmsis/Device/ST/STM32G4xx/Include -I../drivers/cmsis/Include -I../app -I../drivers/bsp -Og -ffunction-sections -fdata-sections -Wall -fstack-usage -fcyclomatic-complexity -MMD -MP -MF"drivers/stm32g4xx_hal/Src/stm32g4xx_ll_adc.d" -MT"drivers/stm32g4xx_hal/Src/stm32g4xx_ll_adc.o" --specs=nano.specs -mfpu=fpv4-sp-d16 -mfloat-abi=hard -mthumb -o "drivers/stm32g4xx_hal/Src/stm32g4xx_ll_adc.o"
arm-none-eabi-gcc "../drivers/bsp/tft_ili9341/stm32g4_fonts.c" -mcpu=cortex-m4 -std=gnu11 -g3 -DDEBUG -DUSE_HAL_DRIVER -DSTM32G431xx -c -I../core/Inc -I../drivers/stm32g4xx_hal/Inc -I../drivers/stm32g4xx_hal/Inc/Legacy -I../drivers/cmsis/Device/ST/STM32G4xx/Include -I../drivers/cmsis/Include -I../app -I../drivers/bsp -Og -ffunction-sections -fdata-sections -Wall -fstack-usage -fcyclomatic-complexity -MMD -MP -MF"drivers/bsp/tft_ili9341/stm32g4_fonts.d" -MT"drivers/bsp/tft_ili9341/stm32g4_fonts.o" --specs=nano.specs -mfpu=fpv4-sp-d16 -mfloat-abi=hard -mthumb -o "drivers/bsp/tft_ili9341/stm32g4_fonts.o"
arm-none-eabi-gcc "../drivers/bsp/tft_ili9341/stm32g4_ili9341.c" -mcpu=cortex-m4 -std=gnu11 -g3 -DDEBUG -DUSE_HAL_DRIVER -DSTM32G431xx -c -I../core/Inc -I../drivers/stm32g4xx_hal/Inc -I../drivers/stm32g4xx_hal/Inc/Legacy -I../drivers/cmsis/Device/ST/STM32G4xx/Include -I../drivers/cmsis/Include -I../app -I../drivers/bsp -Og -ffunction-sections -fdata-sections -Wall -fstack-usage -fcyclomatic-complexity -MMD -MP -MF"drivers/bsp/tft_ili9341/stm32g4_ili9341.d" -MT"drivers/bsp/tft_ili9341/stm32g4_ili9341.o" --specs=nano.specs -mfpu=fpv4-sp-d16 -mfloat-abi=hard -mthumb -o "drivers/bsp/tft_ili9341/stm32g4_ili9341.o"
arm-none-eabi-gcc "../drivers/bsp/tft_ili9341/stm32g4_xpt2046.c" -mcpu=cortex-m4 -std=gnu11 -g3 -DDEBUG -DUSE_HAL_DRIVER -DSTM32G431xx -c -I../core/Inc -I../drivers/stm32g4xx_hal/Inc -I../drivers/stm32g4xx_hal/Inc/Legacy -I../drivers/cmsis/Device/ST/STM32G4xx/Include -I../drivers/cmsis/Include -I../app -I../drivers/bsp -Og -ffunction-sections -fdata-sections -Wall -fstack-usage -fcyclomatic-complexity -MMD -MP -MF"drivers/bsp/tft_ili9341/stm32g4_xpt2046.d" -MT"drivers/bsp/tft_ili9341/stm32g4_xpt2046.o" --specs=nano.specs -mfpu=fpv4-sp-d16 -mfloat-abi=hard -mthumb -o "drivers/bsp/tft_ili9341/stm32g4_xpt2046.o"
arm-none-eabi-gcc "../drivers/bsp/epaper/Fonts/stm32g4_epaper_font12.c" -mcpu=cortex-m4 -std=gnu11 -g3 -DDEBUG -DUSE_HAL_DRIVER -DSTM32G431xx -c -I../core/Inc -I../drivers/stm32g4xx_hal/Inc -I../drivers/stm32g4xx_hal/Inc/Legacy -I../drivers/cmsis/Device/ST/STM32G4xx/Include -I../drivers/cmsis/Include -I../app -I../drivers/bsp -Og -ffunction-sections -fdata-sections -Wall -fstack-usage -fcyclomatic-complexity -MMD -MP -MF"drivers/bsp/epaper/Fonts/stm32g4_epaper_font12.d" -MT"drivers/bsp/epaper/Fonts/stm32g4_epaper_font12.o" --specs=nano.specs -mfpu=fpv4-sp-d16 -mfloat-abi=hard -mthumb -o "drivers/bsp/epaper/Fonts/stm32g4_epaper_font12.o"
arm-none-eabi-gcc "../drivers/bsp/epaper/Fonts/stm32g4_epaper_font16.c" -mcpu=cortex-m4 -std=gnu11 -g3 -DDEBUG -DUSE_HAL_DRIVER -DSTM32G431xx -c -I../core/Inc -I../drivers/stm32g4xx_hal/Inc -I../drivers/stm32g4xx_hal/Inc/Legacy -I../drivers/cmsis/Device/ST/STM32G4xx/Include -I../drivers/cmsis/Include -I../app -I../drivers/bsp -Og -ffunction-sections -fdata-sections -Wall -fstack-usage -fcyclomatic-complexity -MMD -MP -MF"drivers/bsp/epaper/Fonts/stm32g4_epaper_font16.d" -MT"drivers/bsp/epaper/Fonts/stm32g4_epaper_font16.o" --specs=nano.specs -mfpu=fpv4-sp-d16 -mfloat-abi=hard -mthumb -o "drivers/bsp/epaper/Fonts/stm32g4_epaper_font16.o"
arm-none-eabi-gcc "../drivers/bsp/epaper/Fonts/stm32g4_epaper_font20.c" -mcpu=cortex-m4 -std=gnu11 -g3 -DDEBUG -DUSE_HAL_DRIVER -DSTM32G431xx -c -I../core/Inc -I../drivers/stm32g4xx_hal/Inc -I../drivers/stm32g4xx_hal/Inc/Legacy -I../drivers/cmsis/Device/ST/STM32G4xx/Include -I../drivers/cmsis/Include -I../app -I../drivers/bsp -Og -ffunction-sections -fdata-sections -Wall -fstack-usage -fcyclomatic-complexity -MMD -MP -MF"drivers/bsp/epaper/Fonts/stm32g4_epaper_font20.d" -MT"drivers/bsp/epaper/Fonts/stm32g4_epaper_font20.o" --specs=nano.specs -mfpu=fpv4-sp-d16 -mfloat-abi=hard -mthumb -o "drivers/bsp/epaper/Fonts/stm32g4_epaper_font20.o"
arm-none-eabi-gcc "../drivers/bsp/epaper/Fonts/stm32g4_epaper_font24.c" -mcpu=cortex-m4 -std=gnu11 -g3 -DDEBUG -DUSE_HAL_DRIVER -DSTM32G431xx -c -I../core/Inc -I../drivers/stm32g4xx_hal/Inc -I../drivers/stm32g4xx_hal/Inc/Legacy -I../drivers/cmsis/Device/ST/STM32G4xx/Include -I../drivers/cmsis/Include -I../app -I../drivers/bsp -Og -ffunction-sections -fdata-sections -Wall -fstack-usage -fcyclomatic-complexity -MMD -MP -MF"drivers/bsp/epaper/Fonts/stm32g4_epaper_font24.d" -MT"drivers/bsp/epaper/Fonts/stm32g4_epaper_font24.o" --specs=nano.specs -mfpu=fpv4-sp-d16 -mfloat-abi=hard -mthumb -o "drivers/bsp/epaper/Fonts/stm32g4_epaper_font24.o"
arm-none-eabi-gcc "../drivers/bsp/epaper/Fonts/stm32g4_epaper_font8.c" -mcpu=cortex-m4 -std=gnu11 -g3 -DDEBUG -DUSE_HAL_DRIVER -DSTM32G431xx -c -I../core/Inc -I../drivers/stm32g4xx_hal/Inc -I../drivers/stm32g4xx_hal/Inc/Legacy -I../drivers/cmsis/Device/ST/STM32G4xx/Include -I../drivers/cmsis/Include -I../app -I../drivers/bsp -Og -ffunction-sections -fdata-sections -Wall -fstack-usage -fcyclomatic-complexity -MMD -MP -MF"drivers/bsp/epaper/Fonts/stm32g4_epaper_font8.d" -MT"drivers/bsp/epaper/Fonts/stm32g4_epaper_font8.o" --specs=nano.specs -mfpu=fpv4-sp-d16 -mfloat-abi=hard -mthumb -o "drivers/bsp/epaper/Fonts/stm32g4_epaper_font8.o"
arm-none-eabi-gcc "../drivers/bsp/epaper/stm32g4_epaper_com.c" -mcpu=cortex-m4 -std=gnu11 -g3 -DDEBUG -DUSE_HAL_DRIVER -DSTM32G431xx -c -I../core/Inc -I../drivers/stm32g4xx_hal/Inc -I../drivers/stm32g4xx_hal/Inc/Legacy -I../drivers/cmsis/Device/ST/STM32G4xx/Include -I../drivers/cmsis/Include -I../app -I../drivers/bsp -Og -ffunction-sections -fdata-sections -Wall -fstack-usage -fcyclomatic-complexity -MMD -MP -MF"drivers/bsp/epaper/stm32g4_epaper_com.d" -MT"drivers/bsp/epaper/stm32g4_epaper_com.o" --specs=nano.specs -mfpu=fpv4-sp-d16 -mfloat-abi=hard -mthumb -o "drivers/bsp/epaper/stm32g4_epaper_com.o"
arm-none-eabi-gcc "../drivers/bsp/epaper/stm32g4_epaper_demo.c" -mcpu=cortex-m4 -std=gnu11 -g3 -DDEBUG -DUSE_HAL_DRIVER -DSTM32G431xx -c -I../core/Inc -I../drivers/stm32g4xx_hal/Inc -I../drivers/stm32g4xx_hal/Inc/Legacy -I../drivers/cmsis/Device/ST/STM32G4xx/Include -I../drivers/cmsis/Include -I../app -I../drivers/bsp -Og -ffunction-sections -fdata-sections -Wall -fstack-usage -fcyclomatic-complexity -MMD -MP -MF"drivers/bsp/epaper/stm32g4_epaper_demo.d" -MT"drivers/bsp/epaper/stm32g4_epaper_demo.o" --specs=nano.specs -mfpu=fpv4-sp-d16 -mfloat-abi=hard -mthumb -o "drivers/bsp/epaper/stm32g4_epaper_demo.o"
arm-none-eabi-gcc "../drivers/bsp/epaper/stm32g4_epaper_if.c" -mcpu=cortex-m4 -std=gnu11 -g3 -DDEBUG -DUSE_HAL_DRIVER -DSTM32G431xx -c -I../core/Inc -I../drivers/stm32g4xx_hal/Inc -I../drivers/stm32g4xx_hal/Inc/Legacy -I../drivers/cmsis/Device/ST/STM32G4xx/Include -I../drivers/cmsis/Include -I../app -I../drivers/bsp -Og -ffunction-sections -fdata-sections -Wall -fstack-usage -fcyclomatic-complexity -MMD -MP -MF"drivers/bsp/epaper/stm32g4_epaper_if.d" -MT"drivers/bsp/epaper/stm32g4_epaper_if.o" --specs=nano.specs -mfpu=fpv4-sp-d16 -mfloat-abi=hard -mthumb -o "drivers/bsp/epaper/stm32g4_epaper_if.o"
arm-none-eabi-gcc "../drivers/bsp/epaper/stm32g4_epaper_imagedata.c" -mcpu=cortex-m4 -std=gnu11 -g3 -DDEBUG -DUSE_HAL_DRIVER -DSTM32G431xx -c -I../core/Inc -I../drivers/stm32g4xx_hal/Inc -I../drivers/stm32g4xx_hal/Inc/Legacy -I../drivers/cmsis/Device/ST/STM32G4xx/Include -I../drivers/cmsis/Include -I../app -I../drivers/bsp -Og -ffunction-sections -fdata-sections -Wall -fstack-usage -fcyclomatic-complexity -MMD -MP -MF"drivers/bsp/epaper/stm32g4_epaper_imagedata.d" -MT"drivers/bsp/epaper/stm32g4_epaper_imagedata.o" --specs=nano.specs -mfpu=fpv4-sp-d16 -mfloat-abi=hard -mthumb -o "drivers/bsp/epaper/stm32g4_epaper_imagedata.o"
arm-none-eabi-gcc "../drivers/bsp/epaper/stm32g4_epaper_paint.c" -mcpu=cortex-m4 -std=gnu11 -g3 -DDEBUG -DUSE_HAL_DRIVER -DSTM32G431xx -c -I../core/Inc -I../drivers/stm32g4xx_hal/Inc -I../drivers/stm32g4xx_hal/Inc/Legacy -I../drivers/cmsis/Device/ST/STM32G4xx/Include -I../drivers/cmsis/Include -I../app -I../drivers/bsp -Og -ffunction-sections -fdata-sections -Wall -fstack-usage -fcyclomatic-complexity -MMD -MP -MF"drivers/bsp/epaper/stm32g4_epaper_paint.d" -MT"drivers/bsp/epaper/stm32g4_epaper_paint.o" --specs=nano.specs -mfpu=fpv4-sp-d16 -mfloat-abi=hard -mthumb -o "drivers/bsp/epaper/stm32g4_epaper_paint.o"
arm-none-eabi-gcc "../drivers/bsp/YX6300/stm32g4_yx6300.c" -mcpu=cortex-m4 -std=gnu11 -g3 -DDEBUG -DUSE_HAL_DRIVER -DSTM32G431xx -c -I../core/Inc -I../drivers/stm32g4xx_hal/Inc -I../drivers/stm32g4xx_hal/Inc/Legacy -I../drivers/cmsis/Device/ST/STM32G4xx/Include -I../drivers/cmsis/Include -I../app -I../drivers/bsp -Og -ffunction-sections -fdata-sections -Wall -fstack-usage -fcyclomatic-complexity -MMD -MP -MF"drivers/bsp/YX6300/stm32g4_yx6300.d" -MT"drivers/bsp/YX6300/stm32g4_yx6300.o" --specs=nano.specs -mfpu=fpv4-sp-d16 -mfloat-abi=hard -mthumb -o "drivers/bsp/YX6300/stm32g4_yx6300.o"
arm-none-eabi-gcc -mcpu=cortex-m4 -g3 -DDEBUG -c -x assembler-with-cpp -MMD -MP -MF"drivers/bsp/WS2812/WS2812_asm.d" -MT"drivers/bsp/WS2812/WS2812_asm.o" --specs=nano.specs -mfpu=fpv4-sp-d16 -mfloat-abi=hard -mthumb -o "drivers/bsp/WS2812/WS2812_asm.o" "../drivers/bsp/WS2812/WS2812_asm.s"
arm-none-eabi-gcc "../drivers/bsp/WS2812/stm32g4_ws2812.c" -mcpu=cortex-m4 -std=gnu11 -g3 -DDEBUG -DUSE_HAL_DRIVER -DSTM32G431xx -c -I../core/Inc -I../drivers/stm32g4xx_hal/Inc -I../drivers/stm32g4xx_hal/Inc/Legacy -I../drivers/cmsis/Device/ST/STM32G4xx/Include -I../drivers/cmsis/Include -I../app -I../drivers/bsp -Og -ffunction-sections -fdata-sections -Wall -fstack-usage -fcyclomatic-complexity -MMD -MP -MF"drivers/bsp/WS2812/stm32g4_ws2812.d" -MT"drivers/bsp/WS2812/stm32g4_ws2812.o" --specs=nano.specs -mfpu=fpv4-sp-d16 -mfloat-abi=hard -mthumb -o "drivers/bsp/WS2812/stm32g4_ws2812.o"
arm-none-eabi-gcc "../drivers/bsp/VL53L0X/stm32g4_vl53l0x_demo.c" -mcpu=cortex-m4 -std=gnu11 -g3 -DDEBUG -DUSE_HAL_DRIVER -DSTM32G431xx -c -I../core/Inc -I../drivers/stm32g4xx_hal/Inc -I../drivers/stm32g4xx_hal/Inc/Legacy -I../drivers/cmsis/Device/ST/STM32G4xx/Include -I../drivers/cmsis/Include -I../app -I../drivers/bsp -Og -ffunction-sections -fdata-sections -Wall -fstack-usage -fcyclomatic-complexity -MMD -MP -MF"drivers/bsp/VL53L0X/stm32g4_vl53l0x_demo.d" -MT"drivers/bsp/VL53L0X/stm32g4_vl53l0x_demo.o" --specs=nano.specs -mfpu=fpv4-sp-d16 -mfloat-abi=hard -mthumb -o "drivers/bsp/VL53L0X/stm32g4_vl53l0x_demo.o"
arm-none-eabi-gcc "../drivers/bsp/VL53L0X/vl53l0x_api.c" -mcpu=cortex-m4 -std=gnu11 -g3 -DDEBUG -DUSE_HAL_DRIVER -DSTM32G431xx -c -I../core/Inc -I../drivers/stm32g4xx_hal/Inc -I../drivers/stm32g4xx_hal/Inc/Legacy -I../drivers/cmsis/Device/ST/STM32G4xx/Include -I../drivers/cmsis/Include -I../app -I../drivers/bsp -Og -ffunction-sections -fdata-sections -Wall -fstack-usage -fcyclomatic-complexity -MMD -MP -MF"drivers/bsp/VL53L0X/vl53l0x_api.d" -MT"drivers/bsp/VL53L0X/vl53l0x_api.o" --specs=nano.specs -mfpu=fpv4-sp-d16 -mfloat-abi=hard -mthumb -o "drivers/bsp/VL53L0X/vl53l0x_api.o"
arm-none-eabi-gcc "../drivers/bsp/VL53L0X/vl53l0x_api_calibration.c" -mcpu=cortex-m4 -std=gnu11 -g3 -DDEBUG -DUSE_HAL_DRIVER -DSTM32G431xx -c -I../core/Inc -I../drivers/stm32g4xx_hal/Inc -I../drivers/stm32g4xx_hal/Inc/Legacy -I../drivers/cmsis/Device/ST/STM32G4xx/Include -I../drivers/cmsis/Include -I../app -I../drivers/bsp -Og -ffunction-sections -fdata-sections -Wall -fstack-usage -fcyclomatic-complexity -MMD -MP -MF"drivers/bsp/VL53L0X/vl53l0x_api_calibration.d" -MT"drivers/bsp/VL53L0X/vl53l0x_api_calibration.o" --specs=nano.specs -mfpu=fpv4-sp-d16 -mfloat-abi=hard -mthumb -o "drivers/bsp/VL53L0X/vl53l0x_api_calibration.o"
arm-none-eabi-gcc "../drivers/bsp/VL53L0X/vl53l0x_api_core.c" -mcpu=cortex-m4 -std=gnu11 -g3 -DDEBUG -DUSE_HAL_DRIVER -DSTM32G431xx -c -I../core/Inc -I../drivers/stm32g4xx_hal/Inc -I../drivers/stm32g4xx_hal/Inc/Legacy -I../drivers/cmsis/Device/ST/STM32G4xx/Include -I../drivers/cmsis/Include -I../app -I../drivers/bsp -Og -ffunction-sections -fdata-sections -Wall -fstack-usage -fcyclomatic-complexity -MMD -MP -MF"drivers/bsp/VL53L0X/vl53l0x_api_core.d" -MT"drivers/bsp/VL53L0X/vl53l0x_api_core.o" --specs=nano.specs -mfpu=fpv4-sp-d16 -mfloat-abi=hard -mthumb -o "drivers/bsp/VL53L0X/vl53l0x_api_core.o"
arm-none-eabi-gcc "../drivers/bsp/VL53L0X/vl53l0x_api_ranging.c" -mcpu=cortex-m4 -std=gnu11 -g3 -DDEBUG -DUSE_HAL_DRIVER -DSTM32G431xx -c -I../core/Inc -I../drivers/stm32g4xx_hal/Inc -I../drivers/stm32g4xx_hal/Inc/Legacy -I../drivers/cmsis/Device/ST/STM32G4xx/Include -I../drivers/cmsis/Include -I../app -I../drivers/bsp -Og -ffunction-sections -fdata-sections -Wall -fstack-usage -fcyclomatic-complexity -MMD -MP -MF"drivers/bsp/VL53L0X/vl53l0x_api_ranging.d" -MT"drivers/bsp/VL53L0X/vl53l0x_api_ranging.o" --specs=nano.specs -mfpu=fpv4-sp-d16 -mfloat-abi=hard -mthumb -o "drivers/bsp/VL53L0X/vl53l0x_api_ranging.o"
arm-none-eabi-gcc "../drivers/bsp/VL53L0X/vl53l0x_api_strings.c" -mcpu=cortex-m4 -std=gnu11 -g3 -DDEBUG -DUSE_HAL_DRIVER -DSTM32G431xx -c -I../core/Inc -I../drivers/stm32g4xx_hal/Inc -I../drivers/stm32g4xx_hal/Inc/Legacy -I../drivers/cmsis/Device/ST/STM32G4xx/Include -I../drivers/cmsis/Include -I../app -I../drivers/bsp -Og -ffunction-sections -fdata-sections -Wall -fstack-usage -fcyclomatic-complexity -MMD -MP -MF"drivers/bsp/VL53L0X/vl53l0x_api_strings.d" -MT"drivers/bsp/VL53L0X/vl53l0x_api_strings.o" --specs=nano.specs -mfpu=fpv4-sp-d16 -mfloat-abi=hard -mthumb -o "drivers/bsp/VL53L0X/vl53l0x_api_strings.o"
arm-none-eabi-gcc "../drivers/bsp/VL53L0X/vl53l0x_platform.c" -mcpu=cortex-m4 -std=gnu11 -g3 -DDEBUG -DUSE_HAL_DRIVER -DSTM32G431xx -c -I../core/Inc -I../drivers/stm32g4xx_hal/Inc -I../drivers/stm32g4xx_hal/Inc/Legacy -I../drivers/cmsis/Device/ST/STM32G4xx/Include -I../drivers/cmsis/Include -I../app -I../drivers/bsp -Og -ffunction-sections -fdata-sections -Wall -fstack-usage -fcyclomatic-complexity -MMD -MP -MF"drivers/bsp/VL53L0X/vl53l0x_platform.d" -MT"drivers/bsp/VL53L0X/vl53l0x_platform.o" --specs=nano.specs -mfpu=fpv4-sp-d16 -mfloat-abi=hard -mthumb -o "drivers/bsp/VL53L0X/vl53l0x_platform.o"
arm-none-eabi-gcc "../drivers/bsp/VL53L0X/vl53l0x_platform_log.c" -mcpu=cortex-m4 -std=gnu11 -g3 -DDEBUG -DUSE_HAL_DRIVER -DSTM32G431xx -c -I../core/Inc -I../drivers/stm32g4xx_hal/Inc -I../drivers/stm32g4xx_hal/Inc/Legacy -I../drivers/cmsis/Device/ST/STM32G4xx/Include -I../drivers/cmsis/Include -I../app -I../drivers/bsp -Og -ffunction-sections -fdata-sections -Wall -fstack-usage -fcyclomatic-complexity -MMD -MP -MF"drivers/bsp/VL53L0X/vl53l0x_platform_log.d" -MT"drivers/bsp/VL53L0X/vl53l0x_platform_log.o" --specs=nano.specs -mfpu=fpv4-sp-d16 -mfloat-abi=hard -mthumb -o "drivers/bsp/VL53L0X/vl53l0x_platform_log.o"
arm-none-eabi-gcc "../drivers/bsp/Stepper/stm32g4_stepper_motor.c" -mcpu=cortex-m4 -std=gnu11 -g3 -DDEBUG -DUSE_HAL_DRIVER -DSTM32G431xx -c -I../core/Inc -I../drivers/stm32g4xx_hal/Inc -I../drivers/stm32g4xx_hal/Inc/Legacy -I../drivers/cmsis/Device/ST/STM32G4xx/Include -I../drivers/cmsis/Include -I../app -I../drivers/bsp -Og -ffunction-sections -fdata-sections -Wall -fstack-usage -fcyclomatic-complexity -MMD -MP -MF"drivers/bsp/Stepper/stm32g4_stepper_motor.d" -MT"drivers/bsp/Stepper/stm32g4_stepper_motor.o" --specs=nano.specs -mfpu=fpv4-sp-d16 -mfloat-abi=hard -mthumb -o "drivers/bsp/Stepper/stm32g4_stepper_motor.o"
arm-none-eabi-gcc "../drivers/bsp/SD/FatFs/src/option/ccsbcs.c" -mcpu=cortex-m4 -std=gnu11 -g3 -DDEBUG -DUSE_HAL_DRIVER -DSTM32G431xx -c -I../core/Inc -I../drivers/stm32g4xx_hal/Inc -I../drivers/stm32g4xx_hal/Inc/Legacy -I../drivers/cmsis/Device/ST/STM32G4xx/Include -I../drivers/cmsis/Include -I../app -I../drivers/bsp -Og -ffunction-sections -fdata-sections -Wall -fstack-usage -fcyclomatic-complexity -MMD -MP -MF"drivers/bsp/SD/FatFs/src/option/ccsbcs.d" -MT"drivers/bsp/SD/FatFs/src/option/ccsbcs.o" --specs=nano.specs -mfpu=fpv4-sp-d16 -mfloat-abi=hard -mthumb -o "drivers/bsp/SD/FatFs/src/option/ccsbcs.o"
arm-none-eabi-gcc "../drivers/bsp/SD/FatFs/src/option/syscall.c" -mcpu=cortex-m4 -std=gnu11 -g3 -DDEBUG -DUSE_HAL_DRIVER -DSTM32G431xx -c -I../core/Inc -I../drivers/stm32g4xx_hal/Inc -I../drivers/stm32g4xx_hal/Inc/Legacy -I../drivers/cmsis/Device/ST/STM32G4xx/Include -I../drivers/cmsis/Include -I../app -I../drivers/bsp -Og -ffunction-sections -fdata-sections -Wall -fstack-usage -fcyclomatic-complexity -MMD -MP -MF"drivers/bsp/SD/FatFs/src/option/syscall.d" -MT"drivers/bsp/SD/FatFs/src/option/syscall.o" --specs=nano.specs -mfpu=fpv4-sp-d16 -mfloat-abi=hard -mthumb -o "drivers/bsp/SD/FatFs/src/option/syscall.o"
arm-none-eabi-gcc "../drivers/bsp/SD/FatFs/src/drivers/sd_diskio.c" -mcpu=cortex-m4 -std=gnu11 -g3 -DDEBUG -DUSE_HAL_DRIVER -DSTM32G431xx -c -I../core/Inc -I../drivers/stm32g4xx_hal/Inc -I../drivers/stm32g4xx_hal/Inc/Legacy -I../drivers/cmsis/Device/ST/STM32G4xx/Include -I../drivers/cmsis/Include -I../app -I../drivers/bsp -Og -ffunction-sections -fdata-sections -Wall -fstack-usage -fcyclomatic-complexity -MMD -MP -MF"drivers/bsp/SD/FatFs/src/drivers/sd_diskio.d" -MT"drivers/bsp/SD/FatFs/src/drivers/sd_diskio.o" --specs=nano.specs -mfpu=fpv4-sp-d16 -mfloat-abi=hard -mthumb -o "drivers/bsp/SD/FatFs/src/drivers/sd_diskio.o"
arm-none-eabi-gcc "../drivers/bsp/SD/FatFs/src/diskio.c" -mcpu=cortex-m4 -std=gnu11 -g3 -DDEBUG -DUSE_HAL_DRIVER -DSTM32G431xx -c -I../core/Inc -I../drivers/stm32g4xx_hal/Inc -I../drivers/stm32g4xx_hal/Inc/Legacy -I../drivers/cmsis/Device/ST/STM32G4xx/Include -I../drivers/cmsis/Include -I../app -I../drivers/bsp -Og -ffunction-sections -fdata-sections -Wall -fstack-usage -fcyclomatic-complexity -MMD -MP -MF"drivers/bsp/SD/FatFs/src/diskio.d" -MT"drivers/bsp/SD/FatFs/src/diskio.o" --specs=nano.specs -mfpu=fpv4-sp-d16 -mfloat-abi=hard -mthumb -o "drivers/bsp/SD/FatFs/src/diskio.o"
arm-none-eabi-gcc "../drivers/bsp/SD/FatFs/src/ff.c" -mcpu=cortex-m4 -std=gnu11 -g3 -DDEBUG -DUSE_HAL_DRIVER -DSTM32G431xx -c -I../core/Inc -I../drivers/stm32g4xx_hal/Inc -I../drivers/stm32g4xx_hal/Inc/Legacy -I../drivers/cmsis/Device/ST/STM32G4xx/Include -I../drivers/cmsis/Include -I../app -I../drivers/bsp -Og -ffunction-sections -fdata-sections -Wall -fstack-usage -fcyclomatic-complexity -MMD -MP -MF"drivers/bsp/SD/FatFs/src/ff.d" -MT"drivers/bsp/SD/FatFs/src/ff.o" --specs=nano.specs -mfpu=fpv4-sp-d16 -mfloat-abi=hard -mthumb -o "drivers/bsp/SD/FatFs/src/ff.o"
arm-none-eabi-gcc "../drivers/bsp/SD/FatFs/src/ff_gen_drv.c" -mcpu=cortex-m4 -std=gnu11 -g3 -DDEBUG -DUSE_HAL_DRIVER -DSTM32G431xx -c -I../core/Inc -I../drivers/stm32g4xx_hal/Inc -I../drivers/stm32g4xx_hal/Inc/Legacy -I../drivers/cmsis/Device/ST/STM32G4xx/Include -I../drivers/cmsis/Include -I../app -I../drivers/bsp -Og -ffunction-sections -fdata-sections -Wall -fstack-usage -fcyclomatic-complexity -MMD -MP -MF"drivers/bsp/SD/FatFs/src/ff_gen_drv.d" -MT"drivers/bsp/SD/FatFs/src/ff_gen_drv.o" --specs=nano.specs -mfpu=fpv4-sp-d16 -mfloat-abi=hard -mthumb -o "drivers/bsp/SD/FatFs/src/ff_gen_drv.o"
arm-none-eabi-gcc "../drivers/bsp/SD/stm32g4_sd.c" -mcpu=cortex-m4 -std=gnu11 -g3 -DDEBUG -DUSE_HAL_DRIVER -DSTM32G431xx -c -I../core/Inc -I../drivers/stm32g4xx_hal/Inc -I../drivers/stm32g4xx_hal/Inc/Legacy -I../drivers/cmsis/Device/ST/STM32G4xx/Include -I../drivers/cmsis/Include -I../app -I../drivers/bsp -Og -ffunction-sections -fdata-sections -Wall -fstack-usage -fcyclomatic-complexity -MMD -MP -MF"drivers/bsp/SD/stm32g4_sd.d" -MT"drivers/bsp/SD/stm32g4_sd.o" --specs=nano.specs -mfpu=fpv4-sp-d16 -mfloat-abi=hard -mthumb -o "drivers/bsp/SD/stm32g4_sd.o"
arm-none-eabi-gcc "../drivers/bsp/NFC03A1/lib_nfc/lib_pcd/lib_iso14443Apcd.c" -mcpu=cortex-m4 -std=gnu11 -g3 -DDEBUG -DUSE_HAL_DRIVER -DSTM32G431xx -c -I../core/Inc -I../drivers/stm32g4xx_hal/Inc -I../drivers/stm32g4xx_hal/Inc/Legacy -I../drivers/cmsis/Device/ST/STM32G4xx/Include -I../drivers/cmsis/Include -I../app -I../drivers/bsp -Og -ffunction-sections -fdata-sections -Wall -fstack-usage -fcyclomatic-complexity -MMD -MP -MF"drivers/bsp/NFC03A1/lib_nfc/lib_pcd/lib_iso14443Apcd.d" -MT"drivers/bsp/NFC03A1/lib_nfc/lib_pcd/lib_iso14443Apcd.o" --specs=nano.specs -mfpu=fpv4-sp-d16 -mfloat-abi=hard -mthumb -o "drivers/bsp/NFC03A1/lib_nfc/lib_pcd/lib_iso14443Apcd.o"
arm-none-eabi-gcc "../drivers/bsp/NFC03A1/lib_nfc/lib_pcd/lib_iso14443Bpcd.c" -mcpu=cortex-m4 -std=gnu11 -g3 -DDEBUG -DUSE_HAL_DRIVER -DSTM32G431xx -c -I../core/Inc -I../drivers/stm32g4xx_hal/Inc -I../drivers/stm32g4xx_hal/Inc/Legacy -I../drivers/cmsis/Device/ST/STM32G4xx/Include -I../drivers/cmsis/Include -I../app -I../drivers/bsp -Og -ffunction-sections -fdata-sections -Wall -fstack-usage -fcyclomatic-complexity -MMD -MP -MF"drivers/bsp/NFC03A1/lib_nfc/lib_pcd/lib_iso14443Bpcd.d" -MT"drivers/bsp/NFC03A1/lib_nfc/lib_pcd/lib_iso14443Bpcd.o" --specs=nano.specs -mfpu=fpv4-sp-d16 -mfloat-abi=hard -mthumb -o "drivers/bsp/NFC03A1/lib_nfc/lib_pcd/lib_iso14443Bpcd.o"
arm-none-eabi-gcc "../drivers/bsp/NFC03A1/lib_nfc/lib_pcd/lib_iso15693pcd.c" -mcpu=cortex-m4 -std=gnu11 -g3 -DDEBUG -DUSE_HAL_DRIVER -DSTM32G431xx -c -I../core/Inc -I../drivers/stm32g4xx_hal/Inc -I../drivers/stm32g4xx_hal/Inc/Legacy -I../drivers/cmsis/Device/ST/STM32G4xx/Include -I../drivers/cmsis/Include -I../app -I../drivers/bsp -Og -ffunction-sections -fdata-sections -Wall -fstack-usage -fcyclomatic-complexity -MMD -MP -MF"drivers/bsp/NFC03A1/lib_nfc/lib_pcd/lib_iso15693pcd.d" -MT"drivers/bsp/NFC03A1/lib_nfc/lib_pcd/lib_iso15693pcd.o" --specs=nano.specs -mfpu=fpv4-sp-d16 -mfloat-abi=hard -mthumb -o "drivers/bsp/NFC03A1/lib_nfc/lib_pcd/lib_iso15693pcd.o"
arm-none-eabi-gcc "../drivers/bsp/NFC03A1/lib_nfc/lib_pcd/lib_iso18092pcd.c" -mcpu=cortex-m4 -std=gnu11 -g3 -DDEBUG -DUSE_HAL_DRIVER -DSTM32G431xx -c -I../core/Inc -I../drivers/stm32g4xx_hal/Inc -I../drivers/stm32g4xx_hal/Inc/Legacy -I../drivers/cmsis/Device/ST/STM32G4xx/Include -I../drivers/cmsis/Include -I../app -I../drivers/bsp -Og -ffunction-sections -fdata-sections -Wall -fstack-usage -fcyclomatic-complexity -MMD -MP -MF"drivers/bsp/NFC03A1/lib_nfc/lib_pcd/lib_iso18092pcd.d" -MT"drivers/bsp/NFC03A1/lib_nfc/lib_pcd/lib_iso18092pcd.o" --specs=nano.specs -mfpu=fpv4-sp-d16 -mfloat-abi=hard -mthumb -o "drivers/bsp/NFC03A1/lib_nfc/lib_pcd/lib_iso18092pcd.o"
arm-none-eabi-gcc "../drivers/bsp/NFC03A1/lib_nfc/lib_pcd/lib_iso7816pcd.c" -mcpu=cortex-m4 -std=gnu11 -g3 -DDEBUG -DUSE_HAL_DRIVER -DSTM32G431xx -c -I../core/Inc -I../drivers/stm32g4xx_hal/Inc -I../drivers/stm32g4xx_hal/Inc/Legacy -I../drivers/cmsis/Device/ST/STM32G4xx/Include -I../drivers/cmsis/Include -I../app -I../drivers/bsp -Og -ffunction-sections -fdata-sections -Wall -fstack-usage -fcyclomatic-complexity -MMD -MP -MF"drivers/bsp/NFC03A1/lib_nfc/lib_pcd/lib_iso7816pcd.d" -MT"drivers/bsp/NFC03A1/lib_nfc/lib_pcd/lib_iso7816pcd.o" --specs=nano.specs -mfpu=fpv4-sp-d16 -mfloat-abi=hard -mthumb -o "drivers/bsp/NFC03A1/lib_nfc/lib_pcd/lib_iso7816pcd.o"
arm-none-eabi-gcc "../drivers/bsp/NFC03A1/lib_nfc/lib_pcd/lib_nfctype1pcd.c" -mcpu=cortex-m4 -std=gnu11 -g3 -DDEBUG -DUSE_HAL_DRIVER -DSTM32G431xx -c -I../core/Inc -I../drivers/stm32g4xx_hal/Inc -I../drivers/stm32g4xx_hal/Inc/Legacy -I../drivers/cmsis/Device/ST/STM32G4xx/Include -I../drivers/cmsis/Include -I../app -I../drivers/bsp -Og -ffunction-sections -fdata-sections -Wall -fstack-usage -fcyclomatic-complexity -MMD -MP -MF"drivers/bsp/NFC03A1/lib_nfc/lib_pcd/lib_nfctype1pcd.d" -MT"drivers/bsp/NFC03A1/lib_nfc/lib_pcd/lib_nfctype1pcd.o" --specs=nano.specs -mfpu=fpv4-sp-d16 -mfloat-abi=hard -mthumb -o "drivers/bsp/NFC03A1/lib_nfc/lib_pcd/lib_nfctype1pcd.o"
arm-none-eabi-gcc "../drivers/bsp/NFC03A1/lib_nfc/lib_pcd/lib_nfctype2pcd.c" -mcpu=cortex-m4 -std=gnu11 -g3 -DDEBUG -DUSE_HAL_DRIVER -DSTM32G431xx -c -I../core/Inc -I../drivers/stm32g4xx_hal/Inc -I../drivers/stm32g4xx_hal/Inc/Legacy -I../drivers/cmsis/Device/ST/STM32G4xx/Include -I../drivers/cmsis/Include -I../app -I../drivers/bsp -Og -ffunction-sections -fdata-sections -Wall -fstack-usage -fcyclomatic-complexity -MMD -MP -MF"drivers/bsp/NFC03A1/lib_nfc/lib_pcd/lib_nfctype2pcd.d" -MT"drivers/bsp/NFC03A1/lib_nfc/lib_pcd/lib_nfctype2pcd.o" --specs=nano.specs -mfpu=fpv4-sp-d16 -mfloat-abi=hard -mthumb -o "drivers/bsp/NFC03A1/lib_nfc/lib_pcd/lib_nfctype2pcd.o"
arm-none-eabi-gcc "../drivers/bsp/NFC03A1/lib_nfc/lib_pcd/lib_nfctype3pcd.c" -mcpu=cortex-m4 -std=gnu11 -g3 -DDEBUG -DUSE_HAL_DRIVER -DSTM32G431xx -c -I../core/Inc -I../drivers/stm32g4xx_hal/Inc -I../drivers/stm32g4xx_hal/Inc/Legacy -I../drivers/cmsis/Device/ST/STM32G4xx/Include -I../drivers/cmsis/Include -I../app -I../drivers/bsp -Og -ffunction-sections -fdata-sections -Wall -fstack-usage -fcyclomatic-complexity -MMD -MP -MF"drivers/bsp/NFC03A1/lib_nfc/lib_pcd/lib_nfctype3pcd.d" -MT"drivers/bsp/NFC03A1/lib_nfc/lib_pcd/lib_nfctype3pcd.o" --specs=nano.specs -mfpu=fpv4-sp-d16 -mfloat-abi=hard -mthumb -o "drivers/bsp/NFC03A1/lib_nfc/lib_pcd/lib_nfctype3pcd.o"
arm-none-eabi-gcc "../drivers/bsp/NFC03A1/lib_nfc/lib_pcd/lib_nfctype4pcd.c" -mcpu=cortex-m4 -std=gnu11 -g3 -DDEBUG -DUSE_HAL_DRIVER -DSTM32G431xx -c -I../core/Inc -I../drivers/stm32g4xx_hal/Inc -I../drivers/stm32g4xx_hal/Inc/Legacy -I../drivers/cmsis/Device/ST/STM32G4xx/Include -I../drivers/cmsis/Include -I../app -I../drivers/bsp -Og -ffunction-sections -fdata-sections -Wall -fstack-usage -fcyclomatic-complexity -MMD -MP -MF"drivers/bsp/NFC03A1/lib_nfc/lib_pcd/lib_nfctype4pcd.d" -MT"drivers/bsp/NFC03A1/lib_nfc/lib_pcd/lib_nfctype4pcd.o" --specs=nano.specs -mfpu=fpv4-sp-d16 -mfloat-abi=hard -mthumb -o "drivers/bsp/NFC03A1/lib_nfc/lib_pcd/lib_nfctype4pcd.o"
arm-none-eabi-gcc "../drivers/bsp/NFC03A1/lib_nfc/lib_pcd/lib_nfctype5pcd.c" -mcpu=cortex-m4 -std=gnu11 -g3 -DDEBUG -DUSE_HAL_DRIVER -DSTM32G431xx -c -I../core/Inc -I../drivers/stm32g4xx_hal/Inc -I../drivers/stm32g4xx_hal/Inc/Legacy -I../drivers/cmsis/Device/ST/STM32G4xx/Include -I../drivers/cmsis/Include -I../app -I../drivers/bsp -Og -ffunction-sections -fdata-sections -Wall -fstack-usage -fcyclomatic-complexity -MMD -MP -MF"drivers/bsp/NFC03A1/lib_nfc/lib_pcd/lib_nfctype5pcd.d" -MT"drivers/bsp/NFC03A1/lib_nfc/lib_pcd/lib_nfctype5pcd.o" --specs=nano.specs -mfpu=fpv4-sp-d16 -mfloat-abi=hard -mthumb -o "drivers/bsp/NFC03A1/lib_nfc/lib_pcd/lib_nfctype5pcd.o"
arm-none-eabi-gcc "../drivers/bsp/NFC03A1/lib_nfc/lib_pcd/lib_pcd.c" -mcpu=cortex-m4 -std=gnu11 -g3 -DDEBUG -DUSE_HAL_DRIVER -DSTM32G431xx -c -I../core/Inc -I../drivers/stm32g4xx_hal/Inc -I../drivers/stm32g4xx_hal/Inc/Legacy -I../drivers/cmsis/Device/ST/STM32G4xx/Include -I../drivers/cmsis/Include -I../app -I../drivers/bsp -Og -ffunction-sections -fdata-sections -Wall -fstack-usage -fcyclomatic-complexity -MMD -MP -MF"drivers/bsp/NFC03A1/lib_nfc/lib_pcd/lib_pcd.d" -MT"drivers/bsp/NFC03A1/lib_nfc/lib_pcd/lib_pcd.o" --specs=nano.specs -mfpu=fpv4-sp-d16 -mfloat-abi=hard -mthumb -o "drivers/bsp/NFC03A1/lib_nfc/lib_pcd/lib_pcd.o"
arm-none-eabi-gcc "../drivers/bsp/NFC03A1/lib_nfc/lib_NDEF/lib_95HF_wrapper.c" -mcpu=cortex-m4 -std=gnu11 -g3 -DDEBUG -DUSE_HAL_DRIVER -DSTM32G431xx -c -I../core/Inc -I../drivers/stm32g4xx_hal/Inc -I../drivers/stm32g4xx_hal/Inc/Legacy -I../drivers/cmsis/Device/ST/STM32G4xx/Include -I../drivers/cmsis/Include -I../app -I../drivers/bsp -Og -ffunction-sections -fdata-sections -Wall -fstack-usage -fcyclomatic-complexity -MMD -MP -MF"drivers/bsp/NFC03A1/lib_nfc/lib_NDEF/lib_95HF_wrapper.d" -MT"drivers/bsp/NFC03A1/lib_nfc/lib_NDEF/lib_95HF_wrapper.o" --specs=nano.specs -mfpu=fpv4-sp-d16 -mfloat-abi=hard -mthumb -o "drivers/bsp/NFC03A1/lib_nfc/lib_NDEF/lib_95HF_wrapper.o"
arm-none-eabi-gcc "../drivers/bsp/NFC03A1/lib_nfc/lib_NDEF/lib_NDEF.c" -mcpu=cortex-m4 -std=gnu11 -g3 -DDEBUG -DUSE_HAL_DRIVER -DSTM32G431xx -c -I../core/Inc -I../drivers/stm32g4xx_hal/Inc -I../drivers/stm32g4xx_hal/Inc/Legacy -I../drivers/cmsis/Device/ST/STM32G4xx/Include -I../drivers/cmsis/Include -I../app -I../drivers/bsp -Og -ffunction-sections -fdata-sections -Wall -fstack-usage -fcyclomatic-complexity -MMD -MP -MF"drivers/bsp/NFC03A1/lib_nfc/lib_NDEF/lib_NDEF.d" -MT"drivers/bsp/NFC03A1/lib_nfc/lib_NDEF/lib_NDEF.o" --specs=nano.specs -mfpu=fpv4-sp-d16 -mfloat-abi=hard -mthumb -o "drivers/bsp/NFC03A1/lib_nfc/lib_NDEF/lib_NDEF.o"
arm-none-eabi-gcc "../drivers/bsp/NFC03A1/lib_nfc/lib_NDEF/lib_NDEF_AAR.c" -mcpu=cortex-m4 -std=gnu11 -g3 -DDEBUG -DUSE_HAL_DRIVER -DSTM32G431xx -c -I../core/Inc -I../drivers/stm32g4xx_hal/Inc -I../drivers/stm32g4xx_hal/Inc/Legacy -I../drivers/cmsis/Device/ST/STM32G4xx/Include -I../drivers/cmsis/Include -I../app -I../drivers/bsp -Og -ffunction-sections -fdata-sections -Wall -fstack-usage -fcyclomatic-complexity -MMD -MP -MF"drivers/bsp/NFC03A1/lib_nfc/lib_NDEF/lib_NDEF_AAR.d" -MT"drivers/bsp/NFC03A1/lib_nfc/lib_NDEF/lib_NDEF_AAR.o" --specs=nano.specs -mfpu=fpv4-sp-d16 -mfloat-abi=hard -mthumb -o "drivers/bsp/NFC03A1/lib_nfc/lib_NDEF/lib_NDEF_AAR.o"
arm-none-eabi-gcc "../drivers/bsp/NFC03A1/lib_nfc/lib_NDEF/lib_NDEF_Email.c" -mcpu=cortex-m4 -std=gnu11 -g3 -DDEBUG -DUSE_HAL_DRIVER -DSTM32G431xx -c -I../core/Inc -I../drivers/stm32g4xx_hal/Inc -I../drivers/stm32g4xx_hal/Inc/Legacy -I../drivers/cmsis/Device/ST/STM32G4xx/Include -I../drivers/cmsis/Include -I../app -I../drivers/bsp -Og -ffunction-sections -fdata-sections -Wall -fstack-usage -fcyclomatic-complexity -MMD -MP -MF"drivers/bsp/NFC03A1/lib_nfc/lib_NDEF/lib_NDEF_Email.d" -MT"drivers/bsp/NFC03A1/lib_nfc/lib_NDEF/lib_NDEF_Email.o" --specs=nano.specs -mfpu=fpv4-sp-d16 -mfloat-abi=hard -mthumb -o "drivers/bsp/NFC03A1/lib_nfc/lib_NDEF/lib_NDEF_Email.o"
arm-none-eabi-gcc "../drivers/bsp/NFC03A1/lib_nfc/lib_NDEF/lib_NDEF_Geo.c" -mcpu=cortex-m4 -std=gnu11 -g3 -DDEBUG -DUSE_HAL_DRIVER -DSTM32G431xx -c -I../core/Inc -I../drivers/stm32g4xx_hal/Inc -I../drivers/stm32g4xx_hal/Inc/Legacy -I../drivers/cmsis/Device/ST/STM32G4xx/Include -I../drivers/cmsis/Include -I../app -I../drivers/bsp -Og -ffunction-sections -fdata-sections -Wall -fstack-usage -fcyclomatic-complexity -MMD -MP -MF"drivers/bsp/NFC03A1/lib_nfc/lib_NDEF/lib_NDEF_Geo.d" -MT"drivers/bsp/NFC03A1/lib_nfc/lib_NDEF/lib_NDEF_Geo.o" --specs=nano.specs -mfpu=fpv4-sp-d16 -mfloat-abi=hard -mthumb -o "drivers/bsp/NFC03A1/lib_nfc/lib_NDEF/lib_NDEF_Geo.o"
arm-none-eabi-gcc "../drivers/bsp/NFC03A1/lib_nfc/lib_NDEF/lib_NDEF_MyApp.c" -mcpu=cortex-m4 -std=gnu11 -g3 -DDEBUG -DUSE_HAL_DRIVER -DSTM32G431xx -c -I../core/Inc -I../drivers/stm32g4xx_hal/Inc -I../drivers/stm32g4xx_hal/Inc/Legacy -I../drivers/cmsis/Device/ST/STM32G4xx/Include -I../drivers/cmsis/Include -I../app -I../drivers/bsp -Og -ffunction-sections -fdata-sections -Wall -fstack-usage -fcyclomatic-complexity -MMD -MP -MF"drivers/bsp/NFC03A1/lib_nfc/lib_NDEF/lib_NDEF_MyApp.d" -MT"drivers/bsp/NFC03A1/lib_nfc/lib_NDEF/lib_NDEF_MyApp.o" --specs=nano.specs -mfpu=fpv4-sp-d16 -mfloat-abi=hard -mthumb -o "drivers/bsp/NFC03A1/lib_nfc/lib_NDEF/lib_NDEF_MyApp.o"
arm-none-eabi-gcc "../drivers/bsp/NFC03A1/lib_nfc/lib_NDEF/lib_NDEF_SMS.c" -mcpu=cortex-m4 -std=gnu11 -g3 -DDEBUG -DUSE_HAL_DRIVER -DSTM32G431xx -c -I../core/Inc -I../drivers/stm32g4xx_hal/Inc -I../drivers/stm32g4xx_hal/Inc/Legacy -I../drivers/cmsis/Device/ST/STM32G4xx/Include -I../drivers/cmsis/Include -I../app -I../drivers/bsp -Og -ffunction-sections -fdata-sections -Wall -fstack-usage -fcyclomatic-complexity -MMD -MP -MF"drivers/bsp/NFC03A1/lib_nfc/lib_NDEF/lib_NDEF_SMS.d" -MT"drivers/bsp/NFC03A1/lib_nfc/lib_NDEF/lib_NDEF_SMS.o" --specs=nano.specs -mfpu=fpv4-sp-d16 -mfloat-abi=hard -mthumb -o "drivers/bsp/NFC03A1/lib_nfc/lib_NDEF/lib_NDEF_SMS.o"
arm-none-eabi-gcc "../drivers/bsp/NFC03A1/lib_nfc/lib_NDEF/lib_NDEF_Text.c" -mcpu=cortex-m4 -std=gnu11 -g3 -DDEBUG -DUSE_HAL_DRIVER -DSTM32G431xx -c -I../core/Inc -I../drivers/stm32g4xx_hal/Inc -I../drivers/stm32g4xx_hal/Inc/Legacy -I../drivers/cmsis/Device/ST/STM32G4xx/Include -I../drivers/cmsis/Include -I../app -I../drivers/bsp -Og -ffunction-sections -fdata-sections -Wall -fstack-usage -fcyclomatic-complexity -MMD -MP -MF"drivers/bsp/NFC03A1/lib_nfc/lib_NDEF/lib_NDEF_Text.d" -MT"drivers/bsp/NFC03A1/lib_nfc/lib_NDEF/lib_NDEF_Text.o" --specs=nano.specs -mfpu=fpv4-sp-d16 -mfloat-abi=hard -mthumb -o "drivers/bsp/NFC03A1/lib_nfc/lib_NDEF/lib_NDEF_Text.o"
arm-none-eabi-gcc "../drivers/bsp/NFC03A1/lib_nfc/lib_NDEF/lib_NDEF_URI.c" -mcpu=cortex-m4 -std=gnu11 -g3 -DDEBUG -DUSE_HAL_DRIVER -DSTM32G431xx -c -I../core/Inc -I../drivers/stm32g4xx_hal/Inc -I../drivers/stm32g4xx_hal/Inc/Legacy -I../drivers/cmsis/Device/ST/STM32G4xx/Include -I../drivers/cmsis/Include -I../app -I../drivers/bsp -Og -ffunction-sections -fdata-sections -Wall -fstack-usage -fcyclomatic-complexity -MMD -MP -MF"drivers/bsp/NFC03A1/lib_nfc/lib_NDEF/lib_NDEF_URI.d" -MT"drivers/bsp/NFC03A1/lib_nfc/lib_NDEF/lib_NDEF_URI.o" --specs=nano.specs -mfpu=fpv4-sp-d16 -mfloat-abi=hard -mthumb -o "drivers/bsp/NFC03A1/lib_nfc/lib_NDEF/lib_NDEF_URI.o"
arm-none-eabi-gcc "../drivers/bsp/NFC03A1/lib_nfc/lib_NDEF/lib_NDEF_Vcard.c" -mcpu=cortex-m4 -std=gnu11 -g3 -DDEBUG -DUSE_HAL_DRIVER -DSTM32G431xx -c -I../core/Inc -I../drivers/stm32g4xx_hal/Inc -I../drivers/stm32g4xx_hal/Inc/Legacy -I../drivers/cmsis/Device/ST/STM32G4xx/Include -I../drivers/cmsis/Include -I../app -I../drivers/bsp -Og -ffunction-sections -fdata-sections -Wall -fstack-usage -fcyclomatic-complexity -MMD -MP -MF"drivers/bsp/NFC03A1/lib_nfc/lib_NDEF/lib_NDEF_Vcard.d" -MT"drivers/bsp/NFC03A1/lib_nfc/lib_NDEF/lib_NDEF_Vcard.o" --specs=nano.specs -mfpu=fpv4-sp-d16 -mfloat-abi=hard -mthumb -o "drivers/bsp/NFC03A1/lib_nfc/lib_NDEF/lib_NDEF_Vcard.o"
arm-none-eabi-gcc "../drivers/bsp/NFC03A1/lib_nfc/common/lib_95HFConfigManager.c" -mcpu=cortex-m4 -std=gnu11 -g3 -DDEBUG -DUSE_HAL_DRIVER -DSTM32G431xx -c -I../core/Inc -I../drivers/stm32g4xx_hal/Inc -I../drivers/stm32g4xx_hal/Inc/Legacy -I../drivers/cmsis/Device/ST/STM32G4xx/Include -I../drivers/cmsis/Include -I../app -I../drivers/bsp -Og -ffunction-sections -fdata-sections -Wall -fstack-usage -fcyclomatic-complexity -MMD -MP -MF"drivers/bsp/NFC03A1/lib_nfc/common/lib_95HFConfigManager.d" -MT"drivers/bsp/NFC03A1/lib_nfc/common/lib_95HFConfigManager.o" --specs=nano.specs -mfpu=fpv4-sp-d16 -mfloat-abi=hard -mthumb -o "drivers/bsp/NFC03A1/lib_nfc/common/lib_95HFConfigManager.o"
arm-none-eabi-gcc "../drivers/bsp/NFC03A1/CR95HF/drv_95hf.c" -mcpu=cortex-m4 -std=gnu11 -g3 -DDEBUG -DUSE_HAL_DRIVER -DSTM32G431xx -c -I../core/Inc -I../drivers/stm32g4xx_hal/Inc -I../drivers/stm32g4xx_hal/Inc/Legacy -I../drivers/cmsis/Device/ST/STM32G4xx/Include -I../drivers/cmsis/Include -I../app -I../drivers/bsp -Og -ffunction-sections -fdata-sections -Wall -fstack-usage -fcyclomatic-complexity -MMD -MP -MF"drivers/bsp/NFC03A1/CR95HF/drv_95hf.d" -MT"drivers/bsp/NFC03A1/CR95HF/drv_95hf.o" --specs=nano.specs -mfpu=fpv4-sp-d16 -mfloat-abi=hard -mthumb -o "drivers/bsp/NFC03A1/CR95HF/drv_95hf.o"
arm-none-eabi-gcc "../drivers/bsp/NFC03A1/stm32g4_nfc03a1.c" -mcpu=cortex-m4 -std=gnu11 -g3 -DDEBUG -DUSE_HAL_DRIVER -DSTM32G431xx -c -I../core/Inc -I../drivers/stm32g4xx_hal/Inc -I../drivers/stm32g4xx_hal/Inc/Legacy -I../drivers/cmsis/Device/ST/STM32G4xx/Include -I../drivers/cmsis/Include -I../app -I../drivers/bsp -Og -ffunction-sections -fdata-sections -Wall -fstack-usage -fcyclomatic-complexity -MMD -MP -MF"drivers/bsp/NFC03A1/stm32g4_nfc03a1.d" -MT"drivers/bsp/NFC03A1/stm32g4_nfc03a1.o" --specs=nano.specs -mfpu=fpv4-sp-d16 -mfloat-abi=hard -mthumb -o "drivers/bsp/NFC03A1/stm32g4_nfc03a1.o"
arm-none-eabi-gcc "../drivers/bsp/MotorDC/stm32g4_motorDC.c" -mcpu=cortex-m4 -std=gnu11 -g3 -DDEBUG -DUSE_HAL_DRIVER -DSTM32G431xx -c -I../core/Inc -I../drivers/stm32g4xx_hal/Inc -I../drivers/stm32g4xx_hal/Inc/Legacy -I../drivers/cmsis/Device/ST/STM32G4xx/Include -I../drivers/cmsis/Include -I../app -I../drivers/bsp -Og -ffunction-sections -fdata-sections -Wall -fstack-usage -fcyclomatic-complexity -MMD -MP -MF"drivers/bsp/MotorDC/stm32g4_motorDC.d" -MT"drivers/bsp/MotorDC/stm32g4_motorDC.o" --specs=nano.specs -mfpu=fpv4-sp-d16 -mfloat-abi=hard -mthumb -o "drivers/bsp/MotorDC/stm32g4_motorDC.o"
arm-none-eabi-gcc "../drivers/bsp/MPU6050/stm32g4_mpu6050.c" -mcpu=cortex-m4 -std=gnu11 -g3 -DDEBUG -DUSE_HAL_DRIVER -DSTM32G431xx -c -I../core/Inc -I../drivers/stm32g4xx_hal/Inc -I../drivers/stm32g4xx_hal/Inc/Legacy -I../drivers/cmsis/Device/ST/STM32G4xx/Include -I../drivers/cmsis/Include -I../app -I../drivers/bsp -Og -ffunction-sections -fdata-sections -Wall -fstack-usage -fcyclomatic-complexity -MMD -MP -MF"drivers/bsp/MPU6050/stm32g4_mpu6050.d" -MT"drivers/bsp/MPU6050/stm32g4_mpu6050.o" --specs=nano.specs -mfpu=fpv4-sp-d16 -mfloat-abi=hard -mthumb -o "drivers/bsp/MPU6050/stm32g4_mpu6050.o"
arm-none-eabi-gcc "../drivers/bsp/MLX90614/MLX90614.c" -mcpu=cortex-m4 -std=gnu11 -g3 -DDEBUG -DUSE_HAL_DRIVER -DSTM32G431xx -c -I../core/Inc -I../drivers/stm32g4xx_hal/Inc -I../drivers/stm32g4xx_hal/Inc/Legacy -I../drivers/cmsis/Device/ST/STM32G4xx/Include -I../drivers/cmsis/Include -I../app -I../drivers/bsp -Og -ffunction-sections -fdata-sections -Wall -fstack-usage -fcyclomatic-complexity -MMD -MP -MF"drivers/bsp/MLX90614/MLX90614.d" -MT"drivers/bsp/MLX90614/MLX90614.o" --specs=nano.specs -mfpu=fpv4-sp-d16 -mfloat-abi=hard -mthumb -o "drivers/bsp/MLX90614/MLX90614.o"
arm-none-eabi-gcc "../drivers/bsp/MCP23S17/stm32g4_mcp23s17.c" -mcpu=cortex-m4 -std=gnu11 -g3 -DDEBUG -DUSE_HAL_DRIVER -DSTM32G431xx -c -I../core/Inc -I../drivers/stm32g4xx_hal/Inc -I../drivers/stm32g4xx_hal/Inc/Legacy -I../drivers/cmsis/Device/ST/STM32G4xx/Include -I../drivers/cmsis/Include -I../app -I../drivers/bsp -Og -ffunction-sections -fdata-sections -Wall -fstack-usage -fcyclomatic-complexity -MMD -MP -MF"drivers/bsp/MCP23S17/stm32g4_mcp23s17.d" -MT"drivers/bsp/MCP23S17/stm32g4_mcp23s17.o" --specs=nano.specs -mfpu=fpv4-sp-d16 -mfloat-abi=hard -mthumb -o "drivers/bsp/MCP23S17/stm32g4_mcp23s17.o"
arm-none-eabi-gcc "../drivers/bsp/MCP23017/stm32g4_mcp23017.c" -mcpu=cortex-m4 -std=gnu11 -g3 -DDEBUG -DUSE_HAL_DRIVER -DSTM32G431xx -c -I../core/Inc -I../drivers/stm32g4xx_hal/Inc -I../drivers/stm32g4xx_hal/Inc/Legacy -I../drivers/cmsis/Device/ST/STM32G4xx/Include -I../drivers/cmsis/Include -I../app -I../drivers/bsp -Og -ffunction-sections -fdata-sections -Wall -fstack-usage -fcyclomatic-complexity -MMD -MP -MF"drivers/bsp/MCP23017/stm32g4_mcp23017.d" -MT"drivers/bsp/MCP23017/stm32g4_mcp23017.o" --specs=nano.specs -mfpu=fpv4-sp-d16 -mfloat-abi=hard -mthumb -o "drivers/bsp/MCP23017/stm32g4_mcp23017.o"
arm-none-eabi-gcc "../drivers/bsp/LD19/QS_maths.c" -mcpu=cortex-m4 -std=gnu11 -g3 -DDEBUG -DUSE_HAL_DRIVER -DSTM32G431xx -c -I../core/Inc -I../drivers/stm32g4xx_hal/Inc -I../drivers/stm32g4xx_hal/Inc/Legacy -I../drivers/cmsis/Device/ST/STM32G4xx/Include -I../drivers/cmsis/Include -I../app -I../drivers/bsp -Og -ffunction-sections -fdata-sections -Wall -fstack-usage -fcyclomatic-complexity -MMD -MP -MF"drivers/bsp/LD19/QS_maths.d" -MT"drivers/bsp/LD19/QS_maths.o" --specs=nano.specs -mfpu=fpv4-sp-d16 -mfloat-abi=hard -mthumb -o "drivers/bsp/LD19/QS_maths.o"
arm-none-eabi-gcc "../drivers/bsp/LD19/stm32g4_ld19.c" -mcpu=cortex-m4 -std=gnu11 -g3 -DDEBUG -DUSE_HAL_DRIVER -DSTM32G431xx -c -I../core/Inc -I../drivers/stm32g4xx_hal/Inc -I../drivers/stm32g4xx_hal/Inc/Legacy -I../drivers/cmsis/Device/ST/STM32G4xx/Include -I../drivers/cmsis/Include -I../app -I../drivers/bsp -Og -ffunction-sections -fdata-sections -Wall -fstack-usage -fcyclomatic-complexity -MMD -MP -MF"drivers/bsp/LD19/stm32g4_ld19.d" -MT"drivers/bsp/LD19/stm32g4_ld19.o" --specs=nano.specs -mfpu=fpv4-sp-d16 -mfloat-abi=hard -mthumb -o "drivers/bsp/LD19/stm32g4_ld19.o"
arm-none-eabi-gcc "../drivers/bsp/LD19/stm32g4_ld19_display.c" -mcpu=cortex-m4 -std=gnu11 -g3 -DDEBUG -DUSE_HAL_DRIVER -DSTM32G431xx -c -I../core/Inc -I../drivers/stm32g4xx_hal/Inc -I../drivers/stm32g4xx_hal/Inc/Legacy -I../drivers/cmsis/Device/ST/STM32G4xx/Include -I../drivers/cmsis/Include -I../app -I../drivers/bsp -Og -ffunction-sections -fdata-sections -Wall -fstack-usage -fcyclomatic-complexity -MMD -MP -MF"drivers/bsp/LD19/stm32g4_ld19_display.d" -MT"drivers/bsp/LD19/stm32g4_ld19_display.o" --specs=nano.specs -mfpu=fpv4-sp-d16 -mfloat-abi=hard -mthumb -o "drivers/bsp/LD19/stm32g4_ld19_display.o"
arm-none-eabi-gcc "../drivers/bsp/HC-SR04/stm32g4_hcsr04.c" -mcpu=cortex-m4 -std=gnu11 -g3 -DDEBUG -DUSE_HAL_DRIVER -DSTM32G431xx -c -I../core/Inc -I../drivers/stm32g4xx_hal/Inc -I../drivers/stm32g4xx_hal/Inc/Legacy -I../drivers/cmsis/Device/ST/STM32G4xx/Include -I../drivers/cmsis/Include -I../app -I../drivers/bsp -Og -ffunction-sections -fdata-sections -Wall -fstack-usage -fcyclomatic-complexity -MMD -MP -MF"drivers/bsp/HC-SR04/stm32g4_hcsr04.d" -MT"drivers/bsp/HC-SR04/stm32g4_hcsr04.o" --specs=nano.specs -mfpu=fpv4-sp-d16 -mfloat-abi=hard -mthumb -o "drivers/bsp/HC-SR04/stm32g4_hcsr04.o"
arm-none-eabi-gcc "../drivers/bsp/HC-05/stm32g4_hc05.c" -mcpu=cortex-m4 -std=gnu11 -g3 -DDEBUG -DUSE_HAL_DRIVER -DSTM32G431xx -c -I../core/Inc -I../drivers/stm32g4xx_hal/Inc -I../drivers/stm32g4xx_hal/Inc/Legacy -I../drivers/cmsis/Device/ST/STM32G4xx/Include -I../drivers/cmsis/Include -I../app -I../drivers/bsp -Og -ffunction-sections -fdata-sections -Wall -fstack-usage -fcyclomatic-complexity -MMD -MP -MF"drivers/bsp/HC-05/stm32g4_hc05.d" -MT"drivers/bsp/HC-05/stm32g4_hc05.o" --specs=nano.specs -mfpu=fpv4-sp-d16 -mfloat-abi=hard -mthumb -o "drivers/bsp/HC-05/stm32g4_hc05.o"
arm-none-eabi-gcc "../drivers/bsp/GPS/stm32g4_gps.c" -mcpu=cortex-m4 -std=gnu11 -g3 -DDEBUG -DUSE_HAL_DRIVER -DSTM32G431xx -c -I../core/Inc -I../drivers/stm32g4xx_hal/Inc -I../drivers/stm32g4xx_hal/Inc/Legacy -I../drivers/cmsis/Device/ST/STM32G4xx/Include -I../drivers/cmsis/Include -I../app -I../drivers/bsp -Og -ffunction-sections -fdata-sections -Wall -fstack-usage -fcyclomatic-complexity -MMD -MP -MF"drivers/bsp/GPS/stm32g4_gps.d" -MT"drivers/bsp/GPS/stm32g4_gps.o" --specs=nano.specs -mfpu=fpv4-sp-d16 -mfloat-abi=hard -mthumb -o "drivers/bsp/GPS/stm32g4_gps.o"
arm-none-eabi-gcc "../drivers/bsp/DS18B20/stm32g4_ds18b20.c" -mcpu=cortex-m4 -std=gnu11 -g3 -DDEBUG -DUSE_HAL_DRIVER -DSTM32G431xx -c -I../core/Inc -I../drivers/stm32g4xx_hal/Inc -I../drivers/stm32g4xx_hal/Inc/Legacy -I../drivers/cmsis/Device/ST/STM32G4xx/Include -I../drivers/cmsis/Include -I../app -I../drivers/bsp -Og -ffunction-sections -fdata-sections -Wall -fstack-usage -fcyclomatic-complexity -MMD -MP -MF"drivers/bsp/DS18B20/stm32g4_ds18b20.d" -MT"drivers/bsp/DS18B20/stm32g4_ds18b20.o" --specs=nano.specs -mfpu=fpv4-sp-d16 -mfloat-abi=hard -mthumb -o "drivers/bsp/DS18B20/stm32g4_ds18b20.o"
arm-none-eabi-gcc "../drivers/bsp/DHT11/stm32g4_dht11.c" -mcpu=cortex-m4 -std=gnu11 -g3 -DDEBUG -DUSE_HAL_DRIVER -DSTM32G431xx -c -I../core/Inc -I../drivers/stm32g4xx_hal/Inc -I../drivers/stm32g4xx_hal/Inc/Legacy -I../drivers/cmsis/Device/ST/STM32G4xx/Include -I../drivers/cmsis/Include -I../app -I../drivers/bsp -Og -ffunction-sections -fdata-sections -Wall -fstack-usage -fcyclomatic-complexity -MMD -MP -MF"drivers/bsp/DHT11/stm32g4_dht11.d" -MT"drivers/bsp/DHT11/stm32g4_dht11.o" --specs=nano.specs -mfpu=fpv4-sp-d16 -mfloat-abi=hard -mthumb -o "drivers/bsp/DHT11/stm32g4_dht11.o"
arm-none-eabi-gcc "../drivers/bsp/BMP180/stm32g4_bmp180.c" -mcpu=cortex-m4 -std=gnu11 -g3 -DDEBUG -DUSE_HAL_DRIVER -DSTM32G431xx -c -I../core/Inc -I../drivers/stm32g4xx_hal/Inc -I../drivers/stm32g4xx_hal/Inc/Legacy -I../drivers/cmsis/Device/ST/STM32G4xx/Include -I../drivers/cmsis/Include -I../app -I../drivers/bsp -Og -ffunction-sections -fdata-sections -Wall -fstack-usage -fcyclomatic-complexity -MMD -MP -MF"drivers/bsp/BMP180/stm32g4_bmp180.d" -MT"drivers/bsp/BMP180/stm32g4_bmp180.o" --specs=nano.specs -mfpu=fpv4-sp-d16 -mfloat-abi=hard -mthumb -o "drivers/bsp/BMP180/stm32g4_bmp180.o"
arm-none-eabi-gcc "../drivers/bsp/stm32g4_adc.c" -mcpu=cortex-m4 -std=gnu11 -g3 -DDEBUG -DUSE_HAL_DRIVER -DSTM32G431xx -c -I../core/Inc -I../drivers/stm32g4xx_hal/Inc -I../drivers/stm32g4xx_hal/Inc/Legacy -I../drivers/cmsis/Device/ST/STM32G4xx/Include -I../drivers/cmsis/Include -I../app -I../drivers/bsp -Og -ffunction-sections -fdata-sections -Wall -fstack-usage -fcyclomatic-complexity -MMD -MP -MF"drivers/bsp/stm32g4_adc.d" -MT"drivers/bsp/stm32g4_adc.o" --specs=nano.specs -mfpu=fpv4-sp-d16 -mfloat-abi=hard -mthumb -o "drivers/bsp/stm32g4_adc.o"
arm-none-eabi-gcc "../drivers/bsp/stm32g4_dac.c" -mcpu=cortex-m4 -std=gnu11 -g3 -DDEBUG -DUSE_HAL_DRIVER -DSTM32G431xx -c -I../core/Inc -I../drivers/stm32g4xx_hal/Inc -I../drivers/stm32g4xx_hal/Inc/Legacy -I../drivers/cmsis/Device/ST/STM32G4xx/Include -I../drivers/cmsis/Include -I../app -I../drivers/bsp -Og -ffunction-sections -fdata-sections -Wall -fstack-usage -fcyclomatic-complexity -MMD -MP -MF"drivers/bsp/stm32g4_dac.d" -MT"drivers/bsp/stm32g4_dac.o" --specs=nano.specs -mfpu=fpv4-sp-d16 -mfloat-abi=hard -mthumb -o "drivers/bsp/stm32g4_dac.o"
arm-none-eabi-gcc "../drivers/bsp/stm32g4_extit.c" -mcpu=cortex-m4 -std=gnu11 -g3 -DDEBUG -DUSE_HAL_DRIVER -DSTM32G431xx -c -I../core/Inc -I../drivers/stm32g4xx_hal/Inc -I../drivers/stm32g4xx_hal/Inc/Legacy -I../drivers/cmsis/Device/ST/STM32G4xx/Include -I../drivers/cmsis/Include -I../app -I../drivers/bsp -Og -ffunction-sections -fdata-sections -Wall -fstack-usage -fcyclomatic-complexity -MMD -MP -MF"drivers/bsp/stm32g4_extit.d" -MT"drivers/bsp/stm32g4_extit.o" --specs=nano.specs -mfpu=fpv4-sp-d16 -mfloat-abi=hard -mthumb -o "drivers/bsp/stm32g4_extit.o"
arm-none-eabi-gcc "../drivers/bsp/stm32g4_flash.c" -mcpu=cortex-m4 -std=gnu11 -g3 -DDEBUG -DUSE_HAL_DRIVER -DSTM32G431xx -c -I../core/Inc -I../drivers/stm32g4xx_hal/Inc -I../drivers/stm32g4xx_hal/Inc/Legacy -I../drivers/cmsis/Device/ST/STM32G4xx/Include -I../drivers/cmsis/Include -I../app -I../drivers/bsp -Og -ffunction-sections -fdata-sections -Wall -fstack-usage -fcyclomatic-complexity -MMD -MP -MF"drivers/bsp/stm32g4_flash.d" -MT"drivers/bsp/stm32g4_flash.o" --specs=nano.specs -mfpu=fpv4-sp-d16 -mfloat-abi=hard -mthumb -o "drivers/bsp/stm32g4_flash.o"
arm-none-eabi-gcc "../drivers/bsp/stm32g4_gpio.c" -mcpu=cortex-m4 -std=gnu11 -g3 -DDEBUG -DUSE_HAL_DRIVER -DSTM32G431xx -c -I../core/Inc -I../drivers/stm32g4xx_hal/Inc -I../drivers/stm32g4xx_hal/Inc/Legacy -I../drivers/cmsis/Device/ST/STM32G4xx/Include -I../drivers/cmsis/Include -I../app -I../drivers/bsp -Og -ffunction-sections -fdata-sections -Wall -fstack-usage -fcyclomatic-complexity -MMD -MP -MF"drivers/bsp/stm32g4_gpio.d" -MT"drivers/bsp/stm32g4_gpio.o" --specs=nano.specs -mfpu=fpv4-sp-d16 -mfloat-abi=hard -mthumb -o "drivers/bsp/stm32g4_gpio.o"
arm-none-eabi-gcc "../drivers/bsp/stm32g4_i2c.c" -mcpu=cortex-m4 -std=gnu11 -g3 -DDEBUG -DUSE_HAL_DRIVER -DSTM32G431xx -c -I../core/Inc -I../drivers/stm32g4xx_hal/Inc -I../drivers/stm32g4xx_hal/Inc/Legacy -I../drivers/cmsis/Device/ST/STM32G4xx/Include -I../drivers/cmsis/Include -I../app -I../drivers/bsp -Og -ffunction-sections -fdata-sections -Wall -fstack-usage -fcyclomatic-complexity -MMD -MP -MF"drivers/bsp/stm32g4_i2c.d" -MT"drivers/bsp/stm32g4_i2c.o" --specs=nano.specs -mfpu=fpv4-sp-d16 -mfloat-abi=hard -mthumb -o "drivers/bsp/stm32g4_i2c.o"
arm-none-eabi-gcc "../drivers/bsp/stm32g4_rtc.c" -mcpu=cortex-m4 -std=gnu11 -g3 -DDEBUG -DUSE_HAL_DRIVER -DSTM32G431xx -c -I../core/Inc -I../drivers/stm32g4xx_hal/Inc -I../drivers/stm32g4xx_hal/Inc/Legacy -I../drivers/cmsis/Device/ST/STM32G4xx/Include -I../drivers/cmsis/Include -I../app -I../drivers/bsp -Og -ffunction-sections -fdata-sections -Wall -fstack-usage -fcyclomatic-complexity -MMD -MP -MF"drivers/bsp/stm32g4_rtc.d" -MT"drivers/bsp/stm32g4_rtc.o" --specs=nano.specs -mfpu=fpv4-sp-d16 -mfloat-abi=hard -mthumb -o "drivers/bsp/stm32g4_rtc.o"
arm-none-eabi-gcc "../drivers/bsp/stm32g4_spi.c" -mcpu=cortex-m4 -std=gnu11 -g3 -DDEBUG -DUSE_HAL_DRIVER -DSTM32G431xx -c -I../core/Inc -I../drivers/stm32g4xx_hal/Inc -I../drivers/stm32g4xx_hal/Inc/Legacy -I../drivers/cmsis/Device/ST/STM32G4xx/Include -I../drivers/cmsis/Include -I../app -I../drivers/bsp -Og -ffunction-sections -fdata-sections -Wall -fstack-usage -fcyclomatic-complexity -MMD -MP -MF"drivers/bsp/stm32g4_spi.d" -MT"drivers/bsp/stm32g4_spi.o" --specs=nano.specs -mfpu=fpv4-sp-d16 -mfloat-abi=hard -mthumb -o "drivers/bsp/stm32g4_spi.o"
arm-none-eabi-gcc "../drivers/bsp/stm32g4_sys.c" -mcpu=cortex-m4 -std=gnu11 -g3 -DDEBUG -DUSE_HAL_DRIVER -DSTM32G431xx -c -I../core/Inc -I../drivers/stm32g4xx_hal/Inc -I../drivers/stm32g4xx_hal/Inc/Legacy -I../drivers/cmsis/Device/ST/STM32G4xx/Include -I../drivers/cmsis/Include -I../app -I../drivers/bsp -Og -ffunction-sections -fdata-sections -Wall -fstack-usage -fcyclomatic-complexity -MMD -MP -MF"drivers/bsp/stm32g4_sys.d" -MT"drivers/bsp/stm32g4_sys.o" --specs=nano.specs -mfpu=fpv4-sp-d16 -mfloat-abi=hard -mthumb -o "drivers/bsp/stm32g4_sys.o"
arm-none-eabi-gcc "../drivers/bsp/stm32g4_systick.c" -mcpu=cortex-m4 -std=gnu11 -g3 -DDEBUG -DUSE_HAL_DRIVER -DSTM32G431xx -c -I../core/Inc -I../drivers/stm32g4xx_hal/Inc -I../drivers/stm32g4xx_hal/Inc/Legacy -I../drivers/cmsis/Device/ST/STM32G4xx/Include -I../drivers/cmsis/Include -I../app -I../drivers/bsp -Og -ffunction-sections -fdata-sections -Wall -fstack-usage -fcyclomatic-complexity -MMD -MP -MF"drivers/bsp/stm32g4_systick.d" -MT"drivers/bsp/stm32g4_systick.o" --specs=nano.specs -mfpu=fpv4-sp-d16 -mfloat-abi=hard -mthumb -o "drivers/bsp/stm32g4_systick.o"
arm-none-eabi-gcc "../drivers/bsp/stm32g4_timer.c" -mcpu=cortex-m4 -std=gnu11 -g3 -DDEBUG -DUSE_HAL_DRIVER -DSTM32G431xx -c -I../core/Inc -I../drivers/stm32g4xx_hal/Inc -I../drivers/stm32g4xx_hal/Inc/Legacy -I../drivers/cmsis/Device/ST/STM32G4xx/Include -I../drivers/cmsis/Include -I../app -I../drivers/bsp -Og -ffunction-sections -fdata-sections -Wall -fstack-usage -fcyclomatic-complexity -MMD -MP -MF"drivers/bsp/stm32g4_timer.d" -MT"drivers/bsp/stm32g4_timer.o" --specs=nano.specs -mfpu=fpv4-sp-d16 -mfloat-abi=hard -mthumb -o "drivers/bsp/stm32g4_timer.o"
arm-none-eabi-gcc "../drivers/bsp/stm32g4_uart.c" -mcpu=cortex-m4 -std=gnu11 -g3 -DDEBUG -DUSE_HAL_DRIVER -DSTM32G431xx -c -I../core/Inc -I../drivers/stm32g4xx_hal/Inc -I../drivers/stm32g4xx_hal/Inc/Legacy -I../drivers/cmsis/Device/ST/STM32G4xx/Include -I../drivers/cmsis/Include -I../app -I../drivers/bsp -Og -ffunction-sections -fdata-sections -Wall -fstack-usage -fcyclomatic-complexity -MMD -MP -MF"drivers/bsp/stm32g4_uart.d" -MT"drivers/bsp/stm32g4_uart.o" --specs=nano.specs -mfpu=fpv4-sp-d16 -mfloat-abi=hard -mthumb -o "drivers/bsp/stm32g4_uart.o"
arm-none-eabi-gcc "../core/Startup/bootloader.c" -mcpu=cortex-m4 -std=gnu11 -g3 -DDEBUG -DUSE_HAL_DRIVER -DSTM32G431xx -c -I../core/Inc -I../drivers/stm32g4xx_hal/Inc -I../drivers/stm32g4xx_hal/Inc/Legacy -I../drivers/cmsis/Device/ST/STM32G4xx/Include -I../drivers/cmsis/Include -I../app -I../drivers/bsp -Og -ffunction-sections -fdata-sections -Wall -fstack-usage -fcyclomatic-complexity -MMD -MP -MF"core/Startup/bootloader.d" -MT"core/Startup/bootloader.o" --specs=nano.specs -mfpu=fpv4-sp-d16 -mfloat-abi=hard -mthumb -o "core/Startup/bootloader.o"
arm-none-eabi-gcc -mcpu=cortex-m4 -g3 -DDEBUG -c -x assembler-with-cpp -MMD -MP -MF"core/Startup/startup_stm32g431kbtx.d" -MT"core/Startup/startup_stm32g431kbtx.o" --specs=nano.specs -mfpu=fpv4-sp-d16 -mfloat-abi=hard -mthumb -o "core/Startup/startup_stm32g431kbtx.o" "../core/Startup/startup_stm32g431kbtx.s"
arm-none-eabi-gcc "../core/Src/stm32g4xx_it.c" -mcpu=cortex-m4 -std=gnu11 -g3 -DDEBUG -DUSE_HAL_DRIVER -DSTM32G431xx -c -I../core/Inc -I../drivers/stm32g4xx_hal/Inc -I../drivers/stm32g4xx_hal/Inc/Legacy -I../drivers/cmsis/Device/ST/STM32G4xx/Include -I../drivers/cmsis/Include -I../app -I../drivers/bsp -Og -ffunction-sections -fdata-sections -Wall -fstack-usage -fcyclomatic-complexity -MMD -MP -MF"core/Src/stm32g4xx_it.d" -MT"core/Src/stm32g4xx_it.o" --specs=nano.specs -mfpu=fpv4-sp-d16 -mfloat-abi=hard -mthumb -o "core/Src/stm32g4xx_it.o"
arm-none-eabi-gcc "../core/Src/syscalls.c" -mcpu=cortex-m4 -std=gnu11 -g3 -DDEBUG -DUSE_HAL_DRIVER -DSTM32G431xx -c -I../core/Inc -I../drivers/stm32g4xx_hal/Inc -I../drivers/stm32g4xx_hal/Inc/Legacy -I../drivers/cmsis/Device/ST/STM32G4xx/Include -I../drivers/cmsis/Include -I../app -I../drivers/bsp -Og -ffunction-sections -fdata-sections -Wall -fstack-usage -fcyclomatic-complexity -MMD -MP -MF"core/Src/syscalls.d" -MT"core/Src/syscalls.o" --specs=nano.specs -mfpu=fpv4-sp-d16 -mfloat-abi=hard -mthumb -o "core/Src/syscalls.o"
arm-none-eabi-gcc "../core/Src/sysmem.c" -mcpu=cortex-m4 -std=gnu11 -g3 -DDEBUG -DUSE_HAL_DRIVER -DSTM32G431xx -c -I../core/Inc -I../drivers/stm32g4xx_hal/Inc -I../drivers/stm32g4xx_hal/Inc/Legacy -I../drivers/cmsis/Device/ST/STM32G4xx/Include -I../drivers/cmsis/Include -I../app -I../drivers/bsp -Og -ffunction-sections -fdata-sections -Wall -fstack-usage -fcyclomatic-complexity -MMD -MP -MF"core/Src/sysmem.d" -MT"core/Src/sysmem.o" --specs=nano.specs -mfpu=fpv4-sp-d16 -mfloat-abi=hard -mthumb -o "core/Src/sysmem.o"
arm-none-eabi-gcc "../core/Src/system_stm32g4xx.c" -mcpu=cortex-m4 -std=gnu11 -g3 -DDEBUG -DUSE_HAL_DRIVER -DSTM32G431xx -c -I../core/Inc -I../drivers/stm32g4xx_hal/Inc -I../drivers/stm32g4xx_hal/Inc/Legacy -I../drivers/cmsis/Device/ST/STM32G4xx/Include -I../drivers/cmsis/Include -I../app -I../drivers/bsp -Og -ffunction-sections -fdata-sections -Wall -fstack-usage -fcyclomatic-complexity -MMD -MP -MF"core/Src/system_stm32g4xx.d" -MT"core/Src/system_stm32g4xx.o" --specs=nano.specs -mfpu=fpv4-sp-d16 -mfloat-abi=hard -mthumb -o "core/Src/system_stm32g4xx.o"
arm-none-eabi-gcc "../app/Morse/stm32g4_morse.c" -mcpu=cortex-m4 -std=gnu11 -g3 -DDEBUG -DUSE_HAL_DRIVER -DSTM32G431xx -c -I../core/Inc -I../drivers/stm32g4xx_hal/Inc -I../drivers/stm32g4xx_hal/Inc/Legacy -I../drivers/cmsis/Device/ST/STM32G4xx/Include -I../drivers/cmsis/Include -I../app -I../drivers/bsp -Og -ffunction-sections -fdata-sections -Wall -fstack-usage -fcyclomatic-complexity -MMD -MP -MF"app/Morse/stm32g4_morse.d" -MT"app/Morse/stm32g4_morse.o" --specs=nano.specs -mfpu=fpv4-sp-d16 -mfloat-abi=hard -mthumb -o "app/Morse/stm32g4_morse.o"
arm-none-eabi-gcc "../app/MatrixKeyboard/stm32g4_matrix_keyboard.c" -mcpu=cortex-m4 -std=gnu11 -g3 -DDEBUG -DUSE_HAL_DRIVER -DSTM32G431xx -c -I../core/Inc -I../drivers/stm32g4xx_hal/Inc -I../drivers/stm32g4xx_hal/Inc/Legacy -I../drivers/cmsis/Device/ST/STM32G4xx/Include -I../drivers/cmsis/Include -I../app -I../drivers/bsp -Og -ffunction-sections -fdata-sections -Wall -fstack-usage -fcyclomatic-complexity -MMD -MP -MF"app/MatrixKeyboard/stm32g4_matrix_keyboard.d" -MT"app/MatrixKeyboard/stm32g4_matrix_keyboard.o" --specs=nano.specs -mfpu=fpv4-sp-d16 -mfloat-abi=hard -mthumb -o "app/MatrixKeyboard/stm32g4_matrix_keyboard.o"
arm-none-eabi-gcc "../app/EcranTFT_SPI/stm32g4_ecran_tft_spi.c" -mcpu=cortex-m4 -std=gnu11 -g3 -DDEBUG -DUSE_HAL_DRIVER -DSTM32G431xx -c -I../core/Inc -I../drivers/stm32g4xx_hal/Inc -I../drivers/stm32g4xx_hal/Inc/Legacy -I../drivers/cmsis/Device/ST/STM32G4xx/Include -I../drivers/cmsis/Include -I../app -I../drivers/bsp -Og -ffunction-sections -fdata-sections -Wall -fstack-usage -fcyclomatic-complexity -MMD -MP -MF"app/EcranTFT_SPI/stm32g4_ecran_tft_spi.d" -MT"app/EcranTFT_SPI/stm32g4_ecran_tft_spi.o" --specs=nano.specs -mfpu=fpv4-sp-d16 -mfloat-abi=hard -mthumb -o "app/EcranTFT_SPI/stm32g4_ecran_tft_spi.o"
arm-none-eabi-gcc "../app/ClavierMatriciel/stm32g4_clavier_matriciel.c" -mcpu=cortex-m4 -std=gnu11 -g3 -DDEBUG -DUSE_HAL_DRIVER -DSTM32G431xx -c -I../core/Inc -I../drivers/stm32g4xx_hal/Inc -I../drivers/stm32g4xx_hal/Inc/Legacy -I../drivers/cmsis/Device/ST/STM32G4xx/Include -I../drivers/cmsis/Include -I../app -I../drivers/bsp -Og -ffunction-sections -fdata-sections -Wall -fstack-usage -fcyclomatic-complexity -MMD -MP -MF"app/ClavierMatriciel/stm32g4_clavier_matriciel.d" -MT"app/ClavierMatriciel/stm32g4_clavier_matriciel.o" --specs=nano.specs -mfpu=fpv4-sp-d16 -mfloat-abi=hard -mthumb -o "app/ClavierMatriciel/stm32g4_clavier_matriciel.o"
arm-none-eabi-gcc "../app/main.c" -mcpu=cortex-m4 -std=gnu11 -g3 -DDEBUG -DUSE_HAL_DRIVER -DSTM32G431xx -c -I../core/Inc -I../drivers/stm32g4xx_hal/Inc -I../drivers/stm32g4xx_hal/Inc/Legacy -I../drivers/cmsis/Device/ST/STM32G4xx/Include -I../drivers/cmsis/Include -I../app -I../drivers/bsp -Og -ffunction-sections -fdata-sections -Wall -fstack-usage -fcyclomatic-complexity -MMD -MP -MF"app/main.d" -MT"app/main.o" --specs=nano.specs -mfpu=fpv4-sp-d16 -mfloat-abi=hard -mthumb -o "app/main.o"
In file included from ../app/EcranTFT_SPI/stm32g4_ecran_tft_spi.c:10:
../app/EcranTFT_SPI/stm32g4_ecran_tft_spi.c: In function 'PAGE_afficherAccueil':
../app/EcranTFT_SPI/../../drivers/bsp/tft_ili9341/stm32g4_ili9341.h:104:49: warning: conversion from 'unsigned int' to 'uint16_t' {aka 'short unsigned int'} changes value from '2147483648' to '0' [-Woverflow]
  104 | #define ILI9341_TRANSPARENT                     0x80000000
      |                                                 ^~~~~~~~~~
../app/EcranTFT_SPI/stm32g4_ecran_tft_spi.c:23:80: note: in expansion of macro 'ILI9341_TRANSPARENT'
   23 |     ILI9341_Puts(25, 40,  "DesaMORSage",    &Font_16x26, ILI9341_COLOR_YELLOW, ILI9341_TRANSPARENT);
      |                                                                                ^~~~~~~~~~~~~~~~~~~
../app/EcranTFT_SPI/../../drivers/bsp/tft_ili9341/stm32g4_ili9341.h:104:49: warning: conversion from 'unsigned int' to 'uint16_t' {aka 'short unsigned int'} changes value from '2147483648' to '0' [-Woverflow]
  104 | #define ILI9341_TRANSPARENT                     0x80000000
      |                                                 ^~~~~~~~~~
../app/EcranTFT_SPI/stm32g4_ecran_tft_spi.c:24:80: note: in expansion of macro 'ILI9341_TRANSPARENT'
   24 |     ILI9341_Puts(20, 90,  "CIROU Nicolas",  &Font_11x18, ILI9341_COLOR_WHITE,  ILI9341_TRANSPARENT);
      |                                                                                ^~~~~~~~~~~~~~~~~~~
../app/EcranTFT_SPI/../../drivers/bsp/tft_ili9341/stm32g4_ili9341.h:104:49: warning: conversion from 'unsigned int' to 'uint16_t' {aka 'short unsigned int'} changes value from '2147483648' to '0' [-Woverflow]
  104 | #define ILI9341_TRANSPARENT                     0x80000000
      |                                                 ^~~~~~~~~~
../app/EcranTFT_SPI/stm32g4_ecran_tft_spi.c:25:80: note: in expansion of macro 'ILI9341_TRANSPARENT'
   25 |     ILI9341_Puts(20, 115, "GEDOUX Alice",   &Font_11x18, ILI9341_COLOR_WHITE,  ILI9341_TRANSPARENT);
      |                                                                                ^~~~~~~~~~~~~~~~~~~
../app/EcranTFT_SPI/stm32g4_ecran_tft_spi.c: In function 'PAGE_afficherMDP':
../app/EcranTFT_SPI/../../drivers/bsp/tft_ili9341/stm32g4_ili9341.h:104:49: warning: conversion from 'unsigned int' to 'uint16_t' {aka 'short unsigned int'} changes value from '2147483648' to '0' [-Woverflow]
  104 | #define ILI9341_TRANSPARENT                     0x80000000
      |                                                 ^~~~~~~~~~
../app/EcranTFT_SPI/stm32g4_ecran_tft_spi.c:40:79: note: in expansion of macro 'ILI9341_TRANSPARENT'
   40 |     ILI9341_Puts(10, 40, "Saisissez votre", &Font_11x18, ILI9341_COLOR_WHITE, ILI9341_TRANSPARENT);
      |                                                                               ^~~~~~~~~~~~~~~~~~~
../app/EcranTFT_SPI/../../drivers/bsp/tft_ili9341/stm32g4_ili9341.h:104:49: warning: conversion from 'unsigned int' to 'uint16_t' {aka 'short unsigned int'} changes value from '2147483648' to '0' [-Woverflow]
  104 | #define ILI9341_TRANSPARENT                     0x80000000
      |                                                 ^~~~~~~~~~
../app/EcranTFT_SPI/stm32g4_ecran_tft_spi.c:41:79: note: in expansion of macro 'ILI9341_TRANSPARENT'
   41 |     ILI9341_Puts(10, 65, "mot de passe :",  &Font_11x18, ILI9341_COLOR_WHITE, ILI9341_TRANSPARENT);
      |                                                                               ^~~~~~~~~~~~~~~~~~~
../app/EcranTFT_SPI/stm32g4_ecran_tft_spi.c: In function 'PAGE_afficherEnvoiBT':
../app/EcranTFT_SPI/../../drivers/bsp/tft_ili9341/stm32g4_ili9341.h:104:49: warning: conversion from 'unsigned int' to 'uint16_t' {aka 'short unsigned int'} changes value from '2147483648' to '0' [-Woverflow]
  104 | #define ILI9341_TRANSPARENT                     0x80000000
      |                                                 ^~~~~~~~~~
../app/EcranTFT_SPI/stm32g4_ecran_tft_spi.c:64:81: note: in expansion of macro 'ILI9341_TRANSPARENT'
   64 |     ILI9341_Puts(10, 40,  "Connectez-vous",   &Font_11x18, ILI9341_COLOR_WHITE, ILI9341_TRANSPARENT);
      |                                                                                 ^~~~~~~~~~~~~~~~~~~
../app/EcranTFT_SPI/../../drivers/bsp/tft_ili9341/stm32g4_ili9341.h:104:49: warning: conversion from 'unsigned int' to 'uint16_t' {aka 'short unsigned int'} changes value from '2147483648' to '0' [-Woverflow]
  104 | #define ILI9341_TRANSPARENT                     0x80000000
      |                                                 ^~~~~~~~~~
../app/EcranTFT_SPI/stm32g4_ecran_tft_spi.c:65:81: note: in expansion of macro 'ILI9341_TRANSPARENT'
   65 |     ILI9341_Puts(10, 65,  "via Bluetooth",    &Font_11x18, ILI9341_COLOR_WHITE, ILI9341_TRANSPARENT);
      |                                                                                 ^~~~~~~~~~~~~~~~~~~
../app/EcranTFT_SPI/../../drivers/bsp/tft_ili9341/stm32g4_ili9341.h:104:49: warning: conversion from 'unsigned int' to 'uint16_t' {aka 'short unsigned int'} changes value from '2147483648' to '0' [-Woverflow]
  104 | #define ILI9341_TRANSPARENT                     0x80000000
      |                                                 ^~~~~~~~~~
../app/EcranTFT_SPI/stm32g4_ecran_tft_spi.c:66:81: note: in expansion of macro 'ILI9341_TRANSPARENT'
   66 |     ILI9341_Puts(10, 90,  "puis envoyez",     &Font_11x18, ILI9341_COLOR_WHITE, ILI9341_TRANSPARENT);
      |                                                                                 ^~~~~~~~~~~~~~~~~~~
../app/EcranTFT_SPI/../../drivers/bsp/tft_ili9341/stm32g4_ili9341.h:104:49: warning: conversion from 'unsigned int' to 'uint16_t' {aka 'short unsigned int'} changes value from '2147483648' to '0' [-Woverflow]
  104 | #define ILI9341_TRANSPARENT                     0x80000000
      |                                                 ^~~~~~~~~~
../app/EcranTFT_SPI/stm32g4_ecran_tft_spi.c:67:81: note: in expansion of macro 'ILI9341_TRANSPARENT'
   67 |     ILI9341_Puts(10, 115, "votre chaine.",    &Font_11x18, ILI9341_COLOR_CYAN,  ILI9341_TRANSPARENT);
      |                                                                                 ^~~~~~~~~~~~~~~~~~~
arm-none-eabi-gcc -o "ProjetDuGitlab.elf" @"objects.list"   -mcpu=cortex-m4 -T"C:\Users\Utilisateur\Documents\FISA\E3a\S6\ElecNum\DesaMORSage\DesaMORSage\ProjetDuGitlab\core\STM32G431KBTX_FLASH.ld" --specs=nosys.specs -Wl,-Map="ProjetDuGitlab.map" -Wl,--gc-sections -static --specs=nano.specs -mfpu=fpv4-sp-d16 -mfloat-abi=hard -mthumb -u _printf_float -Wl,--start-group -lc -lm -Wl,--end-group
C:/ST/STM32CubeIDE_2.0.0/STM32CubeIDE/plugins/com.st.stm32cube.ide.mcu.externaltools.gnu-tools-for-stm32.13.3.rel1.win32_1.0.100.202509120712/tools/bin/../lib/gcc/arm-none-eabi/13.3.1/../../../../arm-none-eabi/bin/ld.exe: warning: ProjetDuGitlab.elf has a LOAD segment with RWX permissions
Finished building target: ProjetDuGitlab.elf
 
arm-none-eabi-size  ProjetDuGitlab.elf 
arm-none-eabi-objdump -h -S ProjetDuGitlab.elf  > "ProjetDuGitlab.list"
arm-none-eabi-objcopy  -O binary ProjetDuGitlab.elf  "ProjetDuGitlab.bin"
   text	   data	    bss	    dec	    hex	filename
  49940	    632	   3376	  53948	   d2bc	ProjetDuGitlab.elf
Finished building: default.size.stdout
 
Finished building: ProjetDuGitlab.bin
 
Finished building: ProjetDuGitlab.list
 

15:46:04 Build Finished. 0 errors, 10 warnings. (took 17s.748ms)

